 DLPCC

 Timestamp is 56d014b0 (Fri Feb 26 10:02:40 2016)

 Preferred load address is 10000000

 Start         Length     Name                   Class
 0001:00000000 000612f4H .text                   CODE
 0001:00061300 00000139H .text$x                 CODE
 0002:00000000 000001f8H .idata$5                DATA
 0002:000001f8 00000004H .CRT$XCA                DATA
 0002:000001fc 00000004H .CRT$XCZ                DATA
 0002:00000200 00000004H .CRT$XIA                DATA
 0002:00000204 00000010H .CRT$XIC                DATA
 0002:00000214 00000004H .CRT$XIZ                DATA
 0002:00000218 00000004H .CRT$XPA                DATA
 0002:0000021c 00000008H .CRT$XPX                DATA
 0002:00000224 00000004H .CRT$XPXA               DATA
 0002:00000228 00000004H .CRT$XPZ                DATA
 0002:0000022c 00000004H .CRT$XTA                DATA
 0002:00000230 00000004H .CRT$XTZ                DATA
 0002:00000240 00011f08H .rdata                  DATA
 0002:00012148 00000070H .rdata$debug            DATA
 0002:000121b8 00000388H .rdata$r                DATA
 0002:00012540 00000030H .rdata$sxdata           DATA
 0002:00012570 00000004H .rtc$IAA                DATA
 0002:00012574 00000004H .rtc$IZZ                DATA
 0002:00012578 00000004H .rtc$TAA                DATA
 0002:0001257c 00000004H .rtc$TZZ                DATA
 0002:00012580 00000ce8H .xdata$x                DATA
 0002:00013268 00000064H .idata$2                DATA
 0002:000132cc 00000014H .idata$3                DATA
 0002:000132e0 000001f8H .idata$4                DATA
 0002:000134d8 000007c2H .idata$6                DATA
 0002:00013ca0 00000177H .edata                  DATA
 0003:00000000 00001477H .data                   DATA
 0003:00001480 0000220cH .bss                    DATA
 0004:00000000 00000058H .rsrc$01                DATA
 0004:00000060 00000180H .rsrc$02                DATA

  Address         Publics by Value              Rva+Base       Lib:Object

 0000:00000000       __except_list              00000000     <absolute>
 0000:0000000c       ___safe_se_handler_count   0000000c     <absolute>
 0000:00000000       ___ImageBase               10000000     <linker-defined>
 0001:00000000       ?A2Bcd@@YAHPAD0H@Z         10001000 f   apiDLPCC.obj
 0001:00000130       ?Abort@@YA_NXZ             10001130 f   apiDLPCC.obj
 0001:00000180       ?AsciiTODcb@@YAXPAD0H@Z    10001180 f   apiDLPCC.obj
 0001:00000280       ?Bcd2A@@YAXPAD0H@Z         10001280 f   apiDLPCC.obj
 0001:00000350       ?CheckContext@@YAXPAUCcPosMsgSend@@PAUtpvMessIn@@P6AXPADHF@Z@Z 10001350 f   apiDLPCC.obj
 0001:00000820       ?Close_IP@@YA_NXZ          10001820 f   apiDLPCC.obj
 0001:00000860       ?CreateLastInit@@YAHXZ     10001860 f   apiDLPCC.obj
 0001:00000960       ?CreateMappingFile@@YAPAXXZ 10001960 f   apiDLPCC.obj
 0001:000009b0       ?DLP_GetKey@@YAHXZ         100019b0 f   apiDLPCC.obj
 0001:00000b60       ?DLP_GetSecurity@@YAHXZ    10001b60 f   apiDLPCC.obj
 0001:00000b90       ?DLP_GetStringFromKeyboard@@YAHPADH0@Z 10001b90 f   apiDLPCC.obj
 0001:00000d40       ?DLP_Pos_display@@YAXPADHF@Z 10001d40 f   apiDLPCC.obj
 0001:00000e10       ?DLP_PrintTicket@@YAXPAD@Z 10001e10 f   apiDLPCC.obj
 0001:00000e20       ?DestroyMappingFile@@YAXPAX@Z 10001e20 f   apiDLPCC.obj
 0001:00000e70       ?Discard@@YA_NK@Z          10001e70 f   apiDLPCC.obj
 0001:00000ed0       ?Dlp_His@@YGHPAUCcPosMsgSend@@PAUStmPosMsgRecv@@@Z 10001ed0 f   apiDLPCC.obj
 0001:00001010       ?Dlp_His_Canceled_Card@@YGHQAD0@Z 10002010 f   apiDLPCC.obj
 0001:000014f0       ?Dlp_Stm@@YGHPAUCcPosMsgSend@@PAUStmPosMsgRecv@@@Z 100024f0 f   apiDLPCC.obj
 0001:00001630       ?FormateChaine@@YAXQADJ@Z  10002630 f   apiDLPCC.obj
 0001:000016a0       ?GetAxisCom@@YA_NPAD@Z     100026a0 f   apiDLPCC.obj
 0001:000017c0       ?GetDateTime@@YGHPAUDLP_DATETIME@@@Z 100027c0 f   apiDLPCC.obj
 0001:000018a0       ?GetTermFromON2@@YAHPAUCcPosInitSend@@UMsgToStratus@@@Z 100028a0 f   apiDLPCC.obj
 0001:00001ca0       ?InitC3Admin@@YAXPAUCcPosInitSend@@PAUtpvMessIn@@@Z 10002ca0 f   apiDLPCC.obj
 0001:00001d20       ?InitCarte@@YAXPAUCcPosInitSend@@PAUtpvMessIn@@@Z 10002d20 f   apiDLPCC.obj
 0001:00001d80       ?InitCredit@@YAXPAUCcPosMsgSend@@PAUtpvMessIn@@@Z 10002d80 f   apiDLPCC.obj
 0001:00002020       ?InitDebit@@YAXPAUCcPosMsgSend@@PAUtpvMessIn@@@Z 10003020 f   apiDLPCC.obj
 0001:000022e0       ?InitDuplicata@@YAXPAUCcPosMsgSend@@PAUtpvMessIn@@@Z 100032e0 f   apiDLPCC.obj
 0001:000023c0       ?InitLecture@@YAXPAUCcPosMsgSend@@PAUtpvMessIn@@@Z 100033c0 f   apiDLPCC.obj
 0001:000024a0       ?InitLecturePiste@@YAXPAUCcPosMsgSend@@PAUtpvMessIn@@@Z 100034a0 f   apiDLPCC.obj
 0001:000025f0       ?InitPersoSMED@@YAXPAUCcPosMsgSend@@PAUtpvMessIn@@@Z 100035f0 f   apiDLPCC.obj
 0001:00002900       ?InitPreAuto@@YAXPAUCcPosMsgSend@@PAUtpvMessIn@@@Z 10003900 f   apiDLPCC.obj
 0001:00002c00       ?InitTransSMED@@YAXPAUCcPosMsgSend@@PAUtpvMessIn@@@Z 10003c00 f   apiDLPCC.obj
 0001:00002d90       ?InitVersion@@YAXPAUCcPosInitSend@@PAUtpvMessIn@@@Z 10003d90 f   apiDLPCC.obj
 0001:00002df0       ?IsContextExist@@YAHPAD@Z  10003df0 f   apiDLPCC.obj
 0001:00002e90       ?IsContextValid@@YAHPAD@Z  10003e90 f   apiDLPCC.obj
 0001:00003010       ?IsDebugActivated@@YA_NPAD@Z 10004010 f   apiDLPCC.obj
 0001:00003110       ?IsForceMonetic@@YA_NPAD@Z 10004110 f   apiDLPCC.obj
 0001:00003210       ?IsPostePKG@@YA_NPAD@Z     10004210 f   apiDLPCC.obj
 0001:00003310       ?IsPosteSTM@@YA_NPAD@Z     10004310 f   apiDLPCC.obj
 0001:00003410       ?IsPosteVAD@@YA_NPAD@Z     10004410 f   apiDLPCC.obj
 0001:000035a0       ?IsProtocoleResa@@YA_NPAD@Z 100045a0 f   apiDLPCC.obj
 0001:000036a0       ?IsTicketActivated@@YA_NPAD@Z 100046a0 f   apiDLPCC.obj
 0001:000037a0       ?MajSocketInC3Config@@YAXPAD0@Z 100047a0 f   apiDLPCC.obj
 0001:00003a90       ?NATOF@@YANPADH@Z          10004a90 f   apiDLPCC.obj
 0001:00003b10       ?ReadTicket@@YAHPAD0PAUtpvMessIn@@PAUtpvMessOut@@@Z 10004b10 f   apiDLPCC.obj
 0001:00003cd0       ?ReadTicketDLRP@@YAHPAD0PAUCcPosMsgSend@@PAUCcPosMsgRecv@@@Z 10004cd0 f   apiDLPCC.obj
 0001:000041d0       ?Receive@@YA_NKPADKH@Z     100051d0 f   apiDLPCC.obj
 0001:00004250       ?Send@@YA_NPBDKH@Z         10005250 f   apiDLPCC.obj
 0001:000042e0       ?StrReceive@@YA_NKPADK@Z   100052e0 f   apiDLPCC.obj
 0001:00004490       ?StrSend@@YA_NPBDK@Z       10005490 f   apiDLPCC.obj
 0001:000045c0       ?TraitePkg@@YA_NPADPAUCcPosMsgSend@@@Z 100055c0 f   apiDLPCC.obj
 0001:00004d00       ?TraiteVad@@YA_NPADPAUCcPosMsgSend@@@Z 10005d00 f   apiDLPCC.obj
 0001:00005030       ?VersionNumber@@YAXPAUtpvMessIn@@@Z 10006030 f   apiDLPCC.obj
 0001:00005070       ?dateL@@YAXPAD@Z           10006070 f   apiDLPCC.obj
 0001:000050d0       ?memchr@@YAPAXPAXHI@Z      100060d0 f i apiDLPCC.obj
 0001:00005100       ?timeL@@YAXPAD@Z           10006100 f   apiDLPCC.obj
 0001:00005150       _DlpCc_C3Admin             10006150 f   apiDLPCC.obj
 0001:00005370       _DlpCc_init                10006370 f   apiDLPCC.obj
 0001:00005490       _Dlp_Cc                    10006490 f   apiDLPCC.obj
 0001:00007460       _Protocole_Revelation@32   10008460 f   apiDLPCC.obj
 0001:00007620       _Test                      10008620 f   apiDLPCC.obj
 0001:000076a0       ?FormateCommitCreditPourResa@@YA_NPAUCcPosMsgSend@@PAUON2_REFUND@@PAUSTM_DATETIME@@PAUON2_COMMIT@@@Z 100086a0 f   apiOn2.obj
 0001:00007840       ?FormateCommitPourResa@@YA_NPAUCcPosMsgSend@@PAUON2_PAYMENT@@PAUSTM_DATETIME@@PAUON2_COMMIT@@@Z 10008840 f   apiOn2.obj
 0001:000079f0       ?FormateMsgPourResa@@YA_NPAUCcPosMsgSend@@PAUON2_PAYMENT@@PAUSTM_DATETIME@@PAUON2_REFUND@@@Z 100089f0 f   apiOn2.obj
 0001:00008220       ?LectureCarte@@YA_NPADPAUCcPosMsgSend@@@Z 10009220 f   apiOn2.obj
 0001:00008560       ?TraiteResa@@YA_NPAUCcPosMsgSend@@PAUCcPosMsgRecv@@@Z 10009560 f   apiOn2.obj
 0001:00009540       ?TraiteResa_EcranMonetique@@YA_NPADPAUCcPosMsgSend@@@Z 1000a540 f   apiOn2.obj
 0001:000098c0       _DllMain@12                1000a8c0 f   DLPCCDLL.obj
 0001:00009918       _closesocket@4             1000a918 f   wsock32:WSOCK32.dll
 0001:0000991e       _connect@12                1000a91e f   wsock32:WSOCK32.dll
 0001:00009924       _ioctlsocket@12            1000a924 f   wsock32:WSOCK32.dll
 0001:0000992a       _htons@4                   1000a92a f   wsock32:WSOCK32.dll
 0001:00009930       _recv@16                   1000a930 f   wsock32:WSOCK32.dll
 0001:00009936       _select@20                 1000a936 f   wsock32:WSOCK32.dll
 0001:0000993c       _send@16                   1000a93c f   wsock32:WSOCK32.dll
 0001:00009942       _socket@12                 1000a942 f   wsock32:WSOCK32.dll
 0001:00009948       _gethostbyname@4           1000a948 f   wsock32:WSOCK32.dll
 0001:0000994e       _WSAStartup@8              1000a94e f   wsock32:WSOCK32.dll
 0001:00009954       _WSACleanup@0              1000a954 f   wsock32:WSOCK32.dll
 0001:0000995a       _WSAGetLastError@0         1000a95a f   wsock32:WSOCK32.dll
 0001:00009960       _c3dll                     1000a960 f   dlpc3dll:dlpc3dll.dll
 0001:00009966       _ON2_Open@8                1000a966 f   stm95dll:STM95DLL.dll
 0001:0000996c       _ON2_Close@0               1000a96c f   stm95dll:STM95DLL.dll
 0001:00009972       _ON2_SendPayment@20        1000a972 f   stm95dll:STM95DLL.dll
 0001:00009978       _ON2_SendCommit@8          1000a978 f   stm95dll:STM95DLL.dll
 0001:0000997e       _ON2_SendRefund@16         1000a97e f   stm95dll:STM95DLL.dll
 0001:00009984       _CloseHandle@4             1000a984 f   kernel32:KERNEL32.dll
 0001:0000998a       _Sleep@4                   1000a98a f   kernel32:KERNEL32.dll
 0001:00009990       _MapViewOfFile@20          1000a990 f   kernel32:KERNEL32.dll
 0001:00009996       _UnmapViewOfFile@4         1000a996 f   kernel32:KERNEL32.dll
 0001:0000999c       _CreateFileMappingA@24     1000a99c f   kernel32:KERNEL32.dll
 0001:000099a2       _OpenFileMappingA@12       1000a9a2 f   kernel32:KERNEL32.dll
 0001:000099a8       _SendMessageA@16           1000a9a8 f   user32:USER32.dll
 0001:000099ae       _PostMessageA@16           1000a9ae f   user32:USER32.dll
 0001:000099b4       _MessageBoxA@16            1000a9b4 f   user32:USER32.dll
 0001:000099ba       _FindWindowA@8             1000a9ba f   user32:USER32.dll
 0001:000099c0       ??0_LocaleUpdate@@QAE@PAUlocaleinfo_struct@@@Z 1000a9c0 f i LIBCMTD:_ctype.obj
 0001:00009aa0       ??1_LocaleUpdate@@QAE@XZ   1000aaa0 f i LIBCMTD:_ctype.obj
 0001:00009ad0       ?GetLocaleT@_LocaleUpdate@@QAEPAUlocaleinfo_struct@@XZ 1000aad0 f i LIBCMTD:_ctype.obj
 0001:00009ae0       ___isascii                 1000aae0 f i LIBCMTD:_ctype.obj
 0001:00009b10       ___iscsym                  1000ab10 f i LIBCMTD:_ctype.obj
 0001:00009b50       ___iscsymf                 1000ab50 f i LIBCMTD:_ctype.obj
 0001:00009b90       ___toascii                 1000ab90 f i LIBCMTD:_ctype.obj
 0001:00009ba0       __isalnum_l                1000aba0 f i LIBCMTD:_ctype.obj
 0001:00009c20       __isalpha_l                1000ac20 f i LIBCMTD:_ctype.obj
 0001:00009ca0       __iscntrl_l                1000aca0 f i LIBCMTD:_ctype.obj
 0001:00009d20       __iscsym_l                 1000ad20 f i LIBCMTD:_ctype.obj
 0001:00009d60       __iscsymf_l                1000ad60 f i LIBCMTD:_ctype.obj
 0001:00009da0       __isdigit_l                1000ada0 f i LIBCMTD:_ctype.obj
 0001:00009e20       __isgraph_l                1000ae20 f i LIBCMTD:_ctype.obj
 0001:00009ea0       __islower_l                1000aea0 f i LIBCMTD:_ctype.obj
 0001:00009f20       __isprint_l                1000af20 f i LIBCMTD:_ctype.obj
 0001:00009fa0       __ispunct_l                1000afa0 f i LIBCMTD:_ctype.obj
 0001:0000a020       __isspace_l                1000b020 f i LIBCMTD:_ctype.obj
 0001:0000a0a0       __isupper_l                1000b0a0 f i LIBCMTD:_ctype.obj
 0001:0000a120       __isxdigit_l               1000b120 f i LIBCMTD:_ctype.obj
 0001:0000a1a0       _isalnum                   1000b1a0 f i LIBCMTD:_ctype.obj
 0001:0000a1e0       _isalpha                   1000b1e0 f i LIBCMTD:_ctype.obj
 0001:0000a220       _iscntrl                   1000b220 f i LIBCMTD:_ctype.obj
 0001:0000a250       _isdigit                   1000b250 f i LIBCMTD:_ctype.obj
 0001:0000a280       _isgraph                   1000b280 f i LIBCMTD:_ctype.obj
 0001:0000a2c0       _islower                   1000b2c0 f i LIBCMTD:_ctype.obj
 0001:0000a2f0       _isprint                   1000b2f0 f i LIBCMTD:_ctype.obj
 0001:0000a330       _ispunct                   1000b330 f i LIBCMTD:_ctype.obj
 0001:0000a360       _isspace                   1000b360 f i LIBCMTD:_ctype.obj
 0001:0000a390       _isupper                   1000b390 f i LIBCMTD:_ctype.obj
 0001:0000a3c0       _isxdigit                  1000b3c0 f i LIBCMTD:_ctype.obj
 0001:0000a400       _memchr                    1000b400 f   LIBCMTD:memchr.obj
 0001:0000a660       _memcmp                    1000b660 f   LIBCMTD:memcmp.obj
 0001:0000af30       _memcpy                    1000bf30 f   LIBCMTD:memcpy.obj
 0001:0000b580       _memset                    1000c580 f   LIBCMTD:memset.obj
 0001:0000b610       _strcpy                    1000c610 f   LIBCMTD:strcat.obj
 0001:0000b620       _strcat                    1000c620 f   LIBCMTD:strcat.obj
 0001:0000b710       _strcmp                    1000c710 f   LIBCMTD:strcmp.obj
 0001:0000b7a0       _strlen                    1000c7a0 f   LIBCMTD:strlen.obj
 0001:0000b830       _strncat                   1000c830 f   LIBCMTD:strncat.obj
 0001:0000b970       _strncpy                   1000c970 f   LIBCMTD:strncpy.obj
 0001:0000baa0       __atoi64                   1000caa0 f   LIBCMTD:atox.obj
 0001:0000bac0       __atoi64_l                 1000cac0 f   LIBCMTD:atox.obj
 0001:0000bae0       __atoi_l                   1000cae0 f   LIBCMTD:atox.obj
 0001:0000bb00       __atol_l                   1000cb00 f   LIBCMTD:atox.obj
 0001:0000bb20       _atoi                      1000cb20 f   LIBCMTD:atox.obj
 0001:0000bb40       _atol                      1000cb40 f   LIBCMTD:atox.obj
 0001:0000bb60       _free                      1000cb60 f   LIBCMTD:dbgfree.obj
 0001:0000bb80       _malloc                    1000cb80 f   LIBCMTD:dbgmalloc.obj
 0001:0000bce0       __ecvt                     1000cce0 f   LIBCMTD:fcvt.obj
 0001:0000bda0       __ecvt_s                   1000cda0 f   LIBCMTD:fcvt.obj
 0001:0000c090       __fcvt                     1000d090 f   LIBCMTD:fcvt.obj
 0001:0000c1a0       __fcvt_s                   1000d1a0 f   LIBCMTD:fcvt.obj
 0001:0000c480       __fclose_nolock            1000d480 f   LIBCMTD:fclose.obj
 0001:0000c590       _fclose                    1000d590 f   LIBCMTD:fclose.obj
 0001:0000c6b0       _fgets                     1000d6b0 f   LIBCMTD:fgets.obj
 0001:0000ca80       __fsopen                   1000da80 f   LIBCMTD:fopen.obj
 0001:0000ccd0       _fopen                     1000dcd0 f   LIBCMTD:fopen.obj
 0001:0000ccf0       _fopen_s                   1000dcf0 f   LIBCMTD:fopen.obj
 0001:0000cdb0       _fputs                     1000ddb0 f   LIBCMTD:fputs.obj
 0001:0000d090       __get_printf_count_output  1000e090 f   LIBCMTD:printf.obj
 0001:0000d0c0       __printf_l                 1000e0c0 f   LIBCMTD:printf.obj
 0001:0000d0f0       __printf_p                 1000e0f0 f   LIBCMTD:printf.obj
 0001:0000d110       __printf_p_l               1000e110 f   LIBCMTD:printf.obj
 0001:0000d140       __printf_s_l               1000e140 f   LIBCMTD:printf.obj
 0001:0000d170       __set_printf_count_output  1000e170 f   LIBCMTD:printf.obj
 0001:0000d1d0       _printf                    1000e1d0 f   LIBCMTD:printf.obj
 0001:0000d340       _printf_s                  1000e340 f   LIBCMTD:printf.obj
 0001:0000d360       __unlink                   1000e360 f   LIBCMTD:unlink.obj
 0001:0000d380       _remove                    1000e380 f   LIBCMTD:unlink.obj
 0001:0000d3d0       _rename                    1000e3d0 f   LIBCMTD:rename.obj
 0001:0000d530       __sscanf_l                 1000e530 f   LIBCMTD:sscanf.obj
 0001:0000d560       __sscanf_s_l               1000e560 f   LIBCMTD:sscanf.obj
 0001:0000d590       _sscanf                    1000e590 f   LIBCMTD:sscanf.obj
 0001:0000d5c0       _sscanf_s                  1000e5c0 f   LIBCMTD:sscanf.obj
 0001:0000d780       __scprintf                 1000e780 f   LIBCMTD:sprintf.obj
 0001:0000d7a0       __scprintf_l               1000e7a0 f   LIBCMTD:sprintf.obj
 0001:0000d7d0       __scprintf_p               1000e7d0 f   LIBCMTD:sprintf.obj
 0001:0000d7f0       __scprintf_p_l             1000e7f0 f   LIBCMTD:sprintf.obj
 0001:0000d820       __snprintf_s               1000e820 f   LIBCMTD:sprintf.obj
 0001:0000d850       __snprintf_s_l             1000e850 f   LIBCMTD:sprintf.obj
 0001:0000d880       __sprintf_l                1000e880 f   LIBCMTD:sprintf.obj
 0001:0000d8b0       __sprintf_p                1000e8b0 f   LIBCMTD:sprintf.obj
 0001:0000d8e0       __sprintf_p_l              1000e8e0 f   LIBCMTD:sprintf.obj
 0001:0000d910       __sprintf_s_l              1000e910 f   LIBCMTD:sprintf.obj
 0001:0000d940       _sprintf                   1000e940 f   LIBCMTD:sprintf.obj
 0001:0000db00       _sprintf_s                 1000eb00 f   LIBCMTD:sprintf.obj
 0001:0000db30       __invoke_watson_if_error   1000eb30 f i LIBCMTD:loctim64.obj
 0001:0000db60       __localtime64              1000eb60 f   LIBCMTD:loctim64.obj
 0001:0000dba0       __localtime64_s            1000eba0 f   LIBCMTD:loctim64.obj
 0001:0000e0f0       __time64                   1000f0f0 f   LIBCMTD:time64.obj
 0001:0000e170       __close                    1000f170 f   LIBCMTD:close.obj
 0001:0000e3a0       __close_nolock             1000f3a0 f   LIBCMTD:close.obj
 0001:0000e480       ?_open@@YAHPBDHH@Z         1000f480 f   LIBCMTD:openo.obj
 0001:0000e4d0       ?_sopen@@YAHPBDHHH@Z       1000f4d0 f   LIBCMTD:openo.obj
 0001:0000e520       ?_wopen@@YAHPB_WHH@Z       1000f520 f   LIBCMTD:openo.obj
 0001:0000e570       ?_wsopen@@YAHPB_WHHH@Z     1000f570 f   LIBCMTD:openo.obj
 0001:0000e5c0       __spawnv                   1000f5c0 f   LIBCMTD:spawnv.obj
 0001:0000e850       __fpmath                   1000f850 f   LIBCMTD:fpinit.obj
 0001:0000e870       ___setfflag                1000f870 f   LIBCMTD:fpinit.obj
 0001:0000e890       __cfltcvt_init             1000f890 f   LIBCMTD:fpinit.obj
 0001:0000e950       __CRT_INIT@12              1000f950 f   LIBCMTD:dllcrt0.obj
 0001:0000eb80       __DllMainCRTStartup@12     1000fb80 f   LIBCMTD:dllcrt0.obj
 0001:0000ed70       ___DllXcptFilter           1000fd70 f   LIBCMTD:dllcrt0.obj
 0001:0000eda0       ___addlocaleref            1000fda0 f   LIBCMTD:localref.obj
 0001:0000eec0       ___freetlocinfo            1000fec0 f   LIBCMTD:localref.obj
 0001:0000f1b0       ___removelocaleref         100101b0 f   LIBCMTD:localref.obj
 0001:0000f2d0       ___updatetlocinfo          100102d0 f   LIBCMTD:localref.obj
 0001:0000f3a0       __updatetlocinfoEx_nolock  100103a0 f   LIBCMTD:localref.obj
 0001:0000f420       ___initmbctable            10010420 f   LIBCMTD:mbctype.obj
 0001:0000fa40       ___updatetmbcinfo          10010a40 f   LIBCMTD:mbctype.obj
 0001:0000fb50       __getmbcp                  10010b50 f   LIBCMTD:mbctype.obj
 0001:0000fbc0       __setmbcp                  10010bc0 f   LIBCMTD:mbctype.obj
 0001:0000fe60       __setmbcp_nolock           10010e60 f   LIBCMTD:mbctype.obj
 0001:000101e0       __chvalidator              100111e0 f   LIBCMTD:isctype.obj
 0001:00010230       __chvalidator_l            10011230 f   LIBCMTD:isctype.obj
 0001:000102f0       __isctype                  100112f0 f   LIBCMTD:isctype.obj
 0001:00010330       __isctype_l                10011330 f   LIBCMTD:isctype.obj
 0001:00010480       ___get_flsindex            10011480 f   LIBCMTD:tidtable.obj
 0001:00010490       ___threadhandle            10011490 f   LIBCMTD:tidtable.obj
 0001:000104a0       ___threadid                100114a0 f   LIBCMTD:tidtable.obj
 0001:000104b0       __freefls@4                100114b0 f   LIBCMTD:tidtable.obj
 0001:000106b0       __freeptd                  100116b0 f   LIBCMTD:tidtable.obj
 0001:000106f0       __getptd                   100116f0 f   LIBCMTD:tidtable.obj
 0001:00010720       __getptd_noexit            10011720 f   LIBCMTD:tidtable.obj
 0001:000107d0       __initptd                  100117d0 f   LIBCMTD:tidtable.obj
 0001:00010910       __mtinit                   10011910 f   LIBCMTD:tidtable.obj
 0001:000109c0       __mtterm                   100119c0 f   LIBCMTD:tidtable.obj
 0001:000109f0       ___init_dummy              100119f0 f   LIBCMTD:wsetloca.obj
 0001:00010a00       __locterm                  10011a00 f   LIBCMTD:wsetloca.obj
 0001:00010a90       ____setlc_active_func      10011a90 f   LIBCMTD:wsetloca.obj
 0001:00010aa0       ____unguarded_readlc_active_add_func 10011aa0 f   LIBCMTD:wsetloca.obj
 0001:00010ab0       ___copy_locale_name        10011ab0 f   LIBCMTD:wsetloca.obj
 0001:00010b50       ___create_locale           10011b50 f   LIBCMTD:wsetloca.obj
 0001:00010b70       ___free_locale             10011b70 f   LIBCMTD:wsetloca.obj
 0001:00010b90       ___get_current_locale      10011b90 f   LIBCMTD:wsetloca.obj
 0001:00010ba0       ___lc_lctowcs              10011ba0 f   LIBCMTD:wsetloca.obj
 0001:00010c50       ___lc_wcstolc              10011c50 f   LIBCMTD:wsetloca.obj
 0001:00010e70       __configthreadlocale       10011e70 f   LIBCMTD:wsetloca.obj
 0001:00010fd0       __create_locale            10011fd0 f   LIBCMTD:wsetloca.obj
 0001:00011040       __expandlocale             10012040 f   LIBCMTD:wsetloca.obj
 0001:00011530       __free_locale              10012530 f   LIBCMTD:wsetloca.obj
 0001:00011660       __get_current_locale       10012660 f   LIBCMTD:wsetloca.obj
 0001:00011780       __wcreate_locale           10012780 f   LIBCMTD:wsetloca.obj
 0001:00011960       __wcscats                  10012960 f   LIBCMTD:wsetloca.obj
 0001:000119e0       __wsetlocale               100129e0 f   LIBCMTD:wsetloca.obj
 0001:00012a70       ___isa_available_init      10013a70 f   LIBCMTD:cpu_disp.obj
 0001:00012c70       __VEC_memset               10013c70 f   LIBCMTD:p4_memset.obj
 0001:00013270       __strtoi64                 10014270 f   LIBCMTD:strtoq.obj
 0001:000132c0       __strtoi64_l               100142c0 f   LIBCMTD:strtoq.obj
 0001:000132e0       __strtoui64                100142e0 f   LIBCMTD:strtoq.obj
 0001:00013330       __strtoui64_l              10014330 f   LIBCMTD:strtoq.obj
 0001:00013850       __strtol_l                 10014850 f   LIBCMTD:strtol.obj
 0001:00013870       __strtoul_l                10014870 f   LIBCMTD:strtol.obj
 0001:00013890       _strtol                    10014890 f   LIBCMTD:strtol.obj
 0001:000138e0       _strtoul                   100148e0 f   LIBCMTD:strtol.obj
 0001:00013dc0       __CrtCheckMemory           10014dc0 f   LIBCMTD:dbgheap.obj
 0001:00014220       __CrtDoForAllClientObjects 10015220 f   LIBCMTD:dbgheap.obj
 0001:00014350       __CrtDumpMemoryLeaks       10015350 f   LIBCMTD:dbgheap.obj
 0001:000143f0       __CrtGetAllocHook          100153f0 f   LIBCMTD:dbgheap.obj
 0001:00014400       __CrtGetCheckCount         10015400 f   LIBCMTD:dbgheap.obj
 0001:00014410       __CrtGetDumpClient         10015410 f   LIBCMTD:dbgheap.obj
 0001:00014420       __CrtIsMemoryBlock         10015420 f   LIBCMTD:dbgheap.obj
 0001:00014590       __CrtIsValidHeapPointer    10015590 f   LIBCMTD:dbgheap.obj
 0001:000145d0       __CrtIsValidPointer        100155d0 f   LIBCMTD:dbgheap.obj
 0001:00014600       __CrtMemCheckpoint         10015600 f   LIBCMTD:dbgheap.obj
 0001:00014830       __CrtMemDifference         10015830 f   LIBCMTD:dbgheap.obj
 0001:00014a90       __CrtMemDumpAllObjectsSince 10015a90 f   LIBCMTD:dbgheap.obj
 0001:00014ad0       __CrtMemDumpStatistics     10015ad0 f   LIBCMTD:dbgheap.obj
 0001:00014bf0       __CrtReportBlockType       10015bf0 f   LIBCMTD:dbgheap.obj
 0001:00014c20       __CrtSetAllocHook          10015c20 f   LIBCMTD:dbgheap.obj
 0001:00014c40       __CrtSetBreakAlloc         10015c40 f   LIBCMTD:dbgheap.obj
 0001:00014c60       __CrtSetCheckCount         10015c60 f   LIBCMTD:dbgheap.obj
 0001:00014c80       __CrtSetDbgBlockType       10015c80 f   LIBCMTD:dbgheap.obj
 0001:00014d70       __CrtSetDbgFlag            10015d70 f   LIBCMTD:dbgheap.obj
 0001:00014ec0       __CrtSetDebugFillThreshold 10015ec0 f   LIBCMTD:dbgheap.obj
 0001:00014ee0       __CrtSetDumpClient         10015ee0 f   LIBCMTD:dbgheap.obj
 0001:00014f00       __aligned_free             10015f00 f   LIBCMTD:dbgheap.obj
 0001:00014f20       __aligned_free_dbg         10015f20 f   LIBCMTD:dbgheap.obj
 0001:00014fd0       __aligned_malloc           10015fd0 f   LIBCMTD:dbgheap.obj
 0001:00014ff0       __aligned_malloc_dbg       10015ff0 f   LIBCMTD:dbgheap.obj
 0001:00015010       __aligned_msize            10016010 f   LIBCMTD:dbgheap.obj
 0001:00015030       __aligned_msize_dbg        10016030 f   LIBCMTD:dbgheap.obj
 0001:00015150       __aligned_offset_malloc    10016150 f   LIBCMTD:dbgheap.obj
 0001:00015170       __aligned_offset_malloc_dbg 10016170 f   LIBCMTD:dbgheap.obj
 0001:00015350       __aligned_offset_realloc   10016350 f   LIBCMTD:dbgheap.obj
 0001:00015380       __aligned_offset_realloc_dbg 10016380 f   LIBCMTD:dbgheap.obj
 0001:00015690       __aligned_offset_recalloc  10016690 f   LIBCMTD:dbgheap.obj
 0001:000156c0       __aligned_offset_recalloc_dbg 100166c0 f   LIBCMTD:dbgheap.obj
 0001:00015780       __aligned_realloc          10016780 f   LIBCMTD:dbgheap.obj
 0001:000157a0       __aligned_realloc_dbg      100167a0 f   LIBCMTD:dbgheap.obj
 0001:000157d0       __aligned_recalloc         100167d0 f   LIBCMTD:dbgheap.obj
 0001:00015800       __aligned_recalloc_dbg     10016800 f   LIBCMTD:dbgheap.obj
 0001:00015830       __calloc_dbg               10016830 f   LIBCMTD:dbgheap.obj
 0001:00015890       __calloc_dbg_impl          10016890 f   LIBCMTD:dbgheap.obj
 0001:00015910       __expand                   10016910 f   LIBCMTD:dbgheap.obj
 0001:00015940       __expand_dbg               10016940 f   LIBCMTD:dbgheap.obj
 0001:00015a60       __free_dbg                 10016a60 f   LIBCMTD:dbgheap.obj
 0001:00015ae0       __free_dbg_nolock          10016ae0 f   LIBCMTD:dbgheap.obj
 0001:00015fe0       __free_nolock              10016fe0 f   LIBCMTD:dbgheap.obj
 0001:00016000       __heap_alloc               10017000 f   LIBCMTD:dbgheap.obj
 0001:00016020       __heap_alloc_dbg           10017020 f   LIBCMTD:dbgheap.obj
 0001:00016440       __invoke_watson_if_oneof   10017440 f i LIBCMTD:dbgheap.obj
 0001:00016480       __malloc_dbg               10017480 f   LIBCMTD:dbgheap.obj
 0001:000164b0       __msize                    100174b0 f   LIBCMTD:dbgheap.obj
 0001:000164d0       __msize_dbg                100174d0 f   LIBCMTD:dbgheap.obj
 0001:000166e0       __nh_malloc                100176e0 f   LIBCMTD:dbgheap.obj
 0001:00016700       __nh_malloc_dbg            10017700 f   LIBCMTD:dbgheap.obj
 0001:00016990       __realloc_dbg              10017990 f   LIBCMTD:dbgheap.obj
 0001:00016a20       __recalloc                 10017a20 f   LIBCMTD:dbgheap.obj
 0001:00016a50       __recalloc_dbg             10017a50 f   LIBCMTD:dbgheap.obj
 0001:00017110       ?_invalid_parameter@@YAXPBG00II@Z 10018110 f   LIBCMTD:invarg.obj
 0001:00017140       ?_invoke_watson@@YAXPBG00II@Z 10018140 f   LIBCMTD:invarg.obj
 0001:00017160       __call_reportfault         10018160 f   LIBCMTD:invarg.obj
 0001:000172c0       __get_invalid_parameter_handler 100182c0 f   LIBCMTD:invarg.obj
 0001:000172f0       __initp_misc_invarg        100182f0 f   LIBCMTD:invarg.obj
 0001:00017300       __invalid_parameter        10018300 f   LIBCMTD:invarg.obj
 0001:00017360       __invoke_watson            10018360 f   LIBCMTD:invarg.obj
 0001:000173a0       __set_invalid_parameter_handler 100183a0 f   LIBCMTD:invarg.obj
 0001:000173e0       __fptostr                  100183e0 f   LIBCMTD:_fptostr.obj
 0001:00017700       ___dtold                   10018700 f   LIBCMTD:cfout.obj
 0001:00017860       __fltout2                  10018860 f   LIBCMTD:cfout.obj
 0001:00017910       ___doserrno                10018910 f   LIBCMTD:dosmap.obj
 0001:00017940       __dosmaperr                10018940 f   LIBCMTD:dosmap.obj
 0001:00017970       __errno                    10018970 f   LIBCMTD:dosmap.obj
 0001:000179a0       __get_doserrno             100189a0 f   LIBCMTD:dosmap.obj
 0001:00017a30       __get_errno                10018a30 f   LIBCMTD:dosmap.obj
 0001:00017ac0       __get_errno_from_oserr     10018ac0 f   LIBCMTD:dosmap.obj
 0001:00017b40       __set_doserrno             10018b40 f   LIBCMTD:dosmap.obj
 0001:00017b70       __set_errno                10018b70 f   LIBCMTD:dosmap.obj
 0001:00017ba0       ?_CrtDbgReportW@@YAHHPBGH00ZZ 10018ba0 f   LIBCMTD:dbgrptw.obj
 0001:00017bf0       __CrtDbgReportW            10018bf0 f   LIBCMTD:dbgrptw.obj
 0001:00017c40       __CrtDbgReportWV           10018c40 f i LIBCMTD:dbgrptw.obj
 0001:00017c70       __CrtSetReportHookW2       10018c70 f   LIBCMTD:dbgrptw.obj
 0001:00017fc0       ___crtMessageWindowW       10018fc0 f   LIBCMTD:dbgrptw.obj
 0001:00018470       @__security_check_cookie@4 10019470 f   LIBCMTD:secchk.obj
 0001:00018480       __fileno                   10019480 f   LIBCMTD:fileno.obj
 0001:00018510       ___initstdio               10019510 f   LIBCMTD:_file.obj
 0001:000185e0       ___endstdio                100195e0 f   LIBCMTD:_file.obj
 0001:00018620       ___iob_func                10019620 f   LIBCMTD:_file.obj
 0001:00018630       __lock_file                10019630 f   LIBCMTD:_file.obj
 0001:00018690       __lock_file2               10019690 f   LIBCMTD:_file.obj
 0001:000186d0       __unlock_file              100196d0 f   LIBCMTD:_file.obj
 0001:00018730       __unlock_file2             10019730 f   LIBCMTD:_file.obj
 0001:00018770       __freebuf                  10019770 f   LIBCMTD:_freebuf.obj
 0001:00018800       __fflush_nolock            10019800 f   LIBCMTD:fflush.obj
 0001:00018870       __flush                    10019870 f   LIBCMTD:fflush.obj
 0001:00018930       __flushall                 10019930 f   LIBCMTD:fflush.obj
 0001:00018940       _fflush                    10019940 f   LIBCMTD:fflush.obj
 0001:00018be0       __except_handler4          10019be0 f   LIBCMTD:chandler4.obj
 0001:00018da0       __filbuf                   10019da0 f   LIBCMTD:_filbuf.obj
 0001:00019010       __ioinit                   1001a010 f   LIBCMTD:ioinit.obj
 0001:000194f0       __ioterm                   1001a4f0 f   LIBCMTD:ioinit.obj
 0001:00019590       __getstream                1001a590 f   LIBCMTD:stream.obj
 0001:000197c0       __openfile                 1001a7c0 f   LIBCMTD:_open.obj
 0001:00019fc0       __local_unwind4            1001afc0 f   LIBCMTD:exsup4.obj
 0001:0001a096       __seh_longjmp_unwind4@4    1001b096 f   LIBCMTD:exsup4.obj
 0001:0001a0b2       @_EH4_CallFilterFunc@8     1001b0b2 f   LIBCMTD:exsup4.obj
 0001:0001a0c9       @_EH4_TransferToHandler@8  1001b0c9 f   LIBCMTD:exsup4.obj
 0001:0001a0e2       @_EH4_GlobalUnwind2@8      1001b0e2 f   LIBCMTD:exsup4.obj
 0001:0001a0fb       @_EH4_LocalUnwind@16       1001b0fb f   LIBCMTD:exsup4.obj
 0001:0001a120       __fwrite_nolock            1001b120 f   LIBCMTD:fwrite.obj
 0001:0001a530       _fwrite                    1001b530 f   LIBCMTD:fwrite.obj
 0001:0001a650       __ftbuf                    1001b650 f   LIBCMTD:_sftbuf.obj
 0001:0001a6e0       __stbuf                    1001b6e0 f   LIBCMTD:_sftbuf.obj
 0001:0001a850       __vprintf_l                1001b850 f   LIBCMTD:vprintf.obj
 0001:0001a870       __vprintf_p                1001b870 f   LIBCMTD:vprintf.obj
 0001:0001a890       __vprintf_p_l              1001b890 f   LIBCMTD:vprintf.obj
 0001:0001a8b0       __vprintf_s_l              1001b8b0 f   LIBCMTD:vprintf.obj
 0001:0001a8d0       _vprintf                   1001b8d0 f   LIBCMTD:vprintf.obj
 0001:0001a8f0       _vprintf_helper            1001b8f0 f   LIBCMTD:vprintf.obj
 0001:0001aa30       _vprintf_s                 1001ba30 f   LIBCMTD:vprintf.obj
 0001:0001aa50       __output_l                 1001ba50 f   LIBCMTD:output.obj
 0001:0001c0f0       _get_int64_arg             1001d0f0 f i LIBCMTD:output.obj
 0001:0001c110       _get_int_arg               1001d110 f i LIBCMTD:output.obj
 0001:0001c130       _get_short_arg             1001d130 f i LIBCMTD:output.obj
 0001:0001c2f0       ___copy_path_to_wide_string 1001d2f0 f   LIBCMTD:crt0dat.obj
 0001:0001c4e0       ___crtCorExitProcess       1001d4e0 f   LIBCMTD:crt0dat.obj
 0001:0001c520       ___crtExitProcess          1001d520 f   LIBCMTD:crt0dat.obj
 0001:0001c540       ___freeCrtMemory           1001d540 f   LIBCMTD:crt0dat.obj
 0001:0001c710       __amsg_exit                1001d710 f   LIBCMTD:crt0dat.obj
 0001:0001c730       __c_exit                   1001d730 f   LIBCMTD:crt0dat.obj
 0001:0001c750       __cexit                    1001d750 f   LIBCMTD:crt0dat.obj
 0001:0001c770       __cinit                    1001d770 f   LIBCMTD:crt0dat.obj
 0001:0001c810       __exit                     1001d810 f   LIBCMTD:crt0dat.obj
 0001:0001c830       __get_pgmptr               1001d830 f   LIBCMTD:crt0dat.obj
 0001:0001c950       __get_wpgmptr              1001d950 f   LIBCMTD:crt0dat.obj
 0001:0001ca70       __init_pointers            1001da70 f   LIBCMTD:crt0dat.obj
 0001:0001cb00       __initterm_e               1001db00 f   LIBCMTD:crt0dat.obj
 0001:0001cb40       __lockexit                 1001db40 f   LIBCMTD:crt0dat.obj
 0001:0001cb50       __unlockexit               1001db50 f   LIBCMTD:crt0dat.obj
 0001:0001cd60       _exit                      1001dd60 f   LIBCMTD:crt0dat.obj
 0001:0001cd80       __wremove                  1001dd80 f   LIBCMTD:wunlink.obj
 0001:0001cdd0       __wunlink                  1001ddd0 f   LIBCMTD:wunlink.obj
 0001:0001cdf0       __wrename                  1001ddf0 f   LIBCMTD:wrename.obj
 0001:0001ce90       ___crtCloseThreadpoolTimer 1001de90 f   LIBCMTD:winapisupp.obj
 0001:0001cec0       ___crtCloseThreadpoolWait  1001dec0 f   LIBCMTD:winapisupp.obj
 0001:0001cef0       ___crtCreateSemaphoreExW@24 1001def0 f   LIBCMTD:winapisupp.obj
 0001:0001cf50       ___crtCreateSymbolicLinkW  1001df50 f   LIBCMTD:winapisupp.obj
 0001:0001cf90       ___crtCreateThreadpoolTimer 1001df90 f   LIBCMTD:winapisupp.obj
 0001:0001cfd0       ___crtCreateThreadpoolWait 1001dfd0 f   LIBCMTD:winapisupp.obj
 0001:0001d010       ___crtFlsAlloc             1001e010 f   LIBCMTD:winapisupp.obj
 0001:0001d040       ___crtFlsFree              1001e040 f   LIBCMTD:winapisupp.obj
 0001:0001d080       ___crtFlsGetValue          1001e080 f   LIBCMTD:winapisupp.obj
 0001:0001d0c0       ___crtFlsSetValue          1001e0c0 f   LIBCMTD:winapisupp.obj
 0001:0001d100       ___crtFlushProcessWriteBuffers 1001e100 f   LIBCMTD:winapisupp.obj
 0001:0001d130       ___crtFreeLibraryWhenCallbackReturns 1001e130 f   LIBCMTD:winapisupp.obj
 0001:0001d160       ___crtGetCurrentProcessorNumber 1001e160 f   LIBCMTD:winapisupp.obj
 0001:0001d190       ___crtGetLogicalProcessorInformation 1001e190 f   LIBCMTD:winapisupp.obj
 0001:0001d1d0       ___crtGetShowWindowMode    1001e1d0 f   LIBCMTD:winapisupp.obj
 0001:0001d200       ___crtInitializeCriticalSectionEx 1001e200 f   LIBCMTD:winapisupp.obj
 0001:0001d250       ___crtIsPackagedApp        1001e250 f   LIBCMTD:winapisupp.obj
 0001:0001d290       ___crtLoadWinApiPointers   1001e290 f   LIBCMTD:winapisupp.obj
 0001:0001d6a0       ___crtSetThreadStackGuarantee 1001e6a0 f   LIBCMTD:winapisupp.obj
 0001:0001d6d0       ___crtSetThreadpoolTimer   1001e6d0 f   LIBCMTD:winapisupp.obj
 0001:0001d710       ___crtSetThreadpoolWait    1001e710 f   LIBCMTD:winapisupp.obj
 0001:0001d740       ___crtSetUnhandledExceptionFilter 1001e740 f   LIBCMTD:winapisupp.obj
 0001:0001d750       ___crtTerminateProcess     1001e750 f   LIBCMTD:winapisupp.obj
 0001:0001d770       ___crtUnhandledException   1001e770 f   LIBCMTD:winapisupp.obj
 0001:0001d790       ___crtWaitForThreadpoolTimerCallbacks 1001e790 f   LIBCMTD:winapisupp.obj
 0001:0001d7c0       __INTRN_LOCALE_CONV        1001e7c0 f i LIBCMTD:input.obj
 0001:0001d980       __input_l                  1001e980 f   LIBCMTD:input.obj
 0001:0001f860       __input_s_l                10020860 f   LIBCMTD:inputs.obj
 0001:00021a20       __flsbuf                   10022a20 f   LIBCMTD:_flsbuf.obj
 0001:00021cf0       __vscprintf                10022cf0 f   LIBCMTD:vsprintf.obj
 0001:00021d10       __vscprintf_helper         10022d10 f   LIBCMTD:vsprintf.obj
 0001:00021e00       __vscprintf_l              10022e00 f   LIBCMTD:vsprintf.obj
 0001:00021e20       __vscprintf_p              10022e20 f   LIBCMTD:vsprintf.obj
 0001:00021e40       __vscprintf_p_l            10022e40 f   LIBCMTD:vsprintf.obj
 0001:00021e60       __vsprintf_l               10022e60 f   LIBCMTD:vsprintf.obj
 0001:00022020       _vsprintf                  10023020 f   LIBCMTD:vsprintf.obj
 0001:00022040       __vsnprintf_c              10023040 f   LIBCMTD:vsnprnc.obj
 0001:00022090       __vsnprintf_c_l            10023090 f   LIBCMTD:vsnprnc.obj
 0001:000220e0       __vsnprintf_helper         100230e0 f   LIBCMTD:vsnprnc.obj
 0001:000222e0       __vsnprintf_s              100232e0 f   LIBCMTD:vsnprnc.obj
 0001:00022310       __vsnprintf_s_l            10023310 f   LIBCMTD:vsnprnc.obj
 0001:000226d0       __vsprintf_p               100236d0 f   LIBCMTD:vsnprnc.obj
 0001:00022720       __vsprintf_p_l             10023720 f   LIBCMTD:vsnprnc.obj
 0001:00022770       __vsprintf_s_l             10023770 f   LIBCMTD:vsnprnc.obj
 0001:00022a00       _vsprintf_s                10023a00 f   LIBCMTD:vsnprnc.obj
 0001:00022a20       ___daylight                10023a20 f   LIBCMTD:timeset.obj
 0001:00022a30       ___dstbias                 10023a30 f   LIBCMTD:timeset.obj
 0001:00022a40       ___timezone                10023a40 f   LIBCMTD:timeset.obj
 0001:00022a50       ___tzname                  10023a50 f   LIBCMTD:timeset.obj
 0001:00022a60       __get_daylight             10023a60 f   LIBCMTD:timeset.obj
 0001:00022af0       __get_dstbias              10023af0 f   LIBCMTD:timeset.obj
 0001:00022b80       __get_timezone             10023b80 f   LIBCMTD:timeset.obj
 0001:00022c10       __get_tzname               10023c10 f   LIBCMTD:timeset.obj
 0001:00022e10       __gmtime64                 10023e10 f   LIBCMTD:gmtime64.obj
 0001:00022e50       __gmtime64_s               10023e50 f   LIBCMTD:gmtime64.obj
 0001:00023270       ___tzset                   10024270 f   LIBCMTD:tzset.obj
 0001:00023300       __isindst                  10024300 f   LIBCMTD:tzset.obj
 0001:000236d0       __set_daylight             100246d0 f i LIBCMTD:tzset.obj
 0001:000236e0       __set_dstbias              100246e0 f i LIBCMTD:tzset.obj
 0001:000236f0       __set_timezone             100246f0 f i LIBCMTD:tzset.obj
 0001:00023700       __tzset                    10024700 f   LIBCMTD:tzset.obj
 0001:00024000       ___getgmtimebuf            10025000 f   LIBCMTD:gmtime.obj
 0001:00024080       __gmtime32                 10025080 f   LIBCMTD:gmtime.obj
 0001:000240c0       __gmtime32_s               100250c0 f   LIBCMTD:gmtime.obj
 0001:000243a0       __alldiv                   100253a0 f   LIBCMTD:lldiv.obj
 0001:00024450       __allrem                   10025450 f   LIBCMTD:llrem.obj
 0001:00024510       __aulldiv                  10025510 f   LIBCMTD:ulldiv.obj
 0001:00024580       ___lock_fhandle            10025580 f   LIBCMTD:osfinfo.obj
 0001:00024670       __alloc_osfhnd             10025670 f   LIBCMTD:osfinfo.obj
 0001:00024910       __free_osfhnd              10025910 f   LIBCMTD:osfinfo.obj
 0001:00024a00       __get_osfhandle            10025a00 f   LIBCMTD:osfinfo.obj
 0001:00024b80       __open_osfhandle           10025b80 f   LIBCMTD:osfinfo.obj
 0001:00024db0       __set_osfhnd               10025db0 f   LIBCMTD:osfinfo.obj
 0001:00024e80       __unlock_fhandle           10025e80 f   LIBCMTD:osfinfo.obj
 0001:00024eb0       __open                     10025eb0 f   LIBCMTD:open.obj
 0001:00025040       __sopen                    10026040 f   LIBCMTD:open.obj
 0001:000250b0       __sopen_helper             100260b0 f   LIBCMTD:open.obj
 0001:00025340       __sopen_nolock             10026340 f   LIBCMTD:open.obj
 0001:000253b0       __sopen_s                  100263b0 f   LIBCMTD:open.obj
 0001:00025490       __wopen                    10026490 f   LIBCMTD:wopen.obj
 0001:00025620       __wsopen                   10026620 f   LIBCMTD:wopen.obj
 0001:00025690       __wsopen_helper            10026690 f   LIBCMTD:wopen.obj
 0001:00025920       __wsopen_nolock            10026920 f   LIBCMTD:wopen.obj
 0001:00026990       __wsopen_s                 10027990 f   LIBCMTD:wopen.obj
 0001:000269c0       __spawnve                  100279c0 f   LIBCMTD:spawnve.obj
 0001:00027080       ?strrchr@@YAPADPADH@Z      10028080 f i LIBCMTD:cvt.obj
 0001:000270a0       __cfltcvt                  100280a0 f   LIBCMTD:cvt.obj
 0001:000270d0       __cfltcvt_l                100280d0 f   LIBCMTD:cvt.obj
 0001:00027190       __cftoa                    10028190 f   LIBCMTD:cvt.obj
 0001:000271c0       __cftoa_l                  100281c0 f   LIBCMTD:cvt.obj
 0001:00027a30       __cftoe                    10028a30 f   LIBCMTD:cvt.obj
 0001:00027e70       __cftoe_l                  10028e70 f   LIBCMTD:cvt.obj
 0001:000280a0       __cftof                    100290a0 f   LIBCMTD:cvt.obj
 0001:00028350       __cftof_l                  10029350 f   LIBCMTD:cvt.obj
 0001:00028550       __cftog                    10029550 f   LIBCMTD:cvt.obj
 0001:00028580       __cftog_l                  10029580 f   LIBCMTD:cvt.obj
 0001:00028810       __cropzeros                10029810 f   LIBCMTD:cvt.obj
 0001:00028830       __cropzeros_l              10029830 f   LIBCMTD:cvt.obj
 0001:00028950       __fassign                  10029950 f   LIBCMTD:cvt.obj
 0001:00028970       __fassign_l                10029970 f   LIBCMTD:cvt.obj
 0001:000289c0       __forcdecpt                100299c0 f   LIBCMTD:cvt.obj
 0001:000289e0       __forcdecpt_l              100299e0 f   LIBCMTD:cvt.obj
 0001:00028ab0       __positive                 10029ab0 f   LIBCMTD:cvt.obj
 0001:00028b10       __setdefaultprecision      10029b10 f   LIBCMTD:fp8.obj
 0001:00028b50       __initp_misc_cfltcvt_tab   10029b50 f   LIBCMTD:cmiscdat.obj
 0001:00028b90       __XcptFilter               10029b90 f   LIBCMTD:winxfltr.obj
 0001:00028d90       ___CppXcptFilter           10029d90 f   LIBCMTD:winxfltr.obj
 0001:00028e20       __get_heap_handle          10029e20 f   LIBCMTD:heapinit.obj
 0001:00028e60       __heap_init                10029e60 f   LIBCMTD:heapinit.obj
 0001:00028e90       __heap_term                10029e90 f   LIBCMTD:heapinit.obj
 0001:00028ea0       __set_pgmptr               10029ea0 f i LIBCMTD:stdargv.obj
 0001:00028eb0       __setargv                  10029eb0 f   LIBCMTD:stdargv.obj
 0001:00029380       __setenvp                  1002a380 f   LIBCMTD:stdenvp.obj
 0001:00029520       ___security_init_cookie    1002a520 f   LIBCMTD:gs_support.obj
 0001:00029600       ___crtGetEnvironmentStringsA 1002a600 f   LIBCMTD:a_env.obj
 0001:00029700       __RTC_Initialize           1002a700 f   LIBCMTD:initsect.obj
 0001:00029730       __RTC_Terminate            1002a730 f   LIBCMTD:initsect.obj
 0001:00029760       __lock                     1002a760 f   LIBCMTD:mlock.obj
 0001:000297a0       __lockerr_exit             1002a7a0 f   LIBCMTD:mlock.obj
 0001:000297d0       __mtdeletelocks            1002a7d0 f   LIBCMTD:mlock.obj
 0001:00029890       __mtinitlocknum            1002a890 f   LIBCMTD:mlock.obj
 0001:000299b0       __mtinitlocks              1002a9b0 f   LIBCMTD:mlock.obj
 0001:00029a30       __unlock                   1002aa30 f   LIBCMTD:mlock.obj
 0001:00029a50       ___free_lconv_mon          1002aa50 f   LIBCMTD:initmon.obj
 0001:00029c00       ___init_monetary           1002ac00 f   LIBCMTD:initmon.obj
 0001:0002a210       ___free_lconv_num          1002b210 f   LIBCMTD:initnum.obj
 0001:0002a2c0       ___init_numeric            1002b2c0 f   LIBCMTD:initnum.obj
 0001:0002a690       ___free_lc_time            1002b690 f   LIBCMTD:inittime.obj
 0001:0002afc0       ___init_time               1002bfc0 f   LIBCMTD:inittime.obj
 0001:0002bfc0       _localeconv                1002cfc0 f   LIBCMTD:lconv.obj
 0001:0002c300       __MarkAllocaS              1002d300 f i LIBCMTD:a_map.obj
 0001:0002c320       ___crtLCMapStringA         1002d320 f   LIBCMTD:a_map.obj
 0001:0002c380       __freea                    1002d380 f i LIBCMTD:a_map.obj
 0001:0002c500       ___crtGetStringTypeA       1002d500 f   LIBCMTD:a_str.obj
 0001:0002c650       ?_CallCatchBlock2@@YAPAXPAUEHRegistrationNode@@PBU_s_FuncInfo@@PAXHK@Z 1002d650 f   LIBCMTD:_trnsctrl_.obj
 0001:0002c6c0       ?_CallMemberFunction0@@YGXPAX0@Z 1002d6c0 f   LIBCMTD:_trnsctrl_.obj
 0001:0002c6d0       ?_CallMemberFunction1@@YGXPAX00@Z 1002d6d0 f   LIBCMTD:_trnsctrl_.obj
 0001:0002c6e0       ?_CallMemberFunction2@@YGXPAX00H@Z 1002d6e0 f   LIBCMTD:_trnsctrl_.obj
 0001:0002c6f0       ?_CallSETranslator@@YAHPAUEHExceptionRecord@@PAUEHRegistrationNode@@PAX2PBU_s_FuncInfo@@H1@Z 1002d6f0 f   LIBCMTD:_trnsctrl_.obj
 0001:0002c7e0       ?_GetRangeOfTrysToCheck@@YAPBU_s_TryBlockMapEntry@@PBU_s_FuncInfo@@HHPAI1@Z 1002d7e0 f   LIBCMTD:_trnsctrl_.obj
 0001:0002c870       ?_JumpToContinuation@@YGXPAXPAUEHRegistrationNode@@@Z 1002d870 f   LIBCMTD:_trnsctrl_.obj
 0001:0002c8b0       ?_UnwindNestedFrames@@YGXPAUEHRegistrationNode@@PAUEHExceptionRecord@@@Z 1002d8b0 f   LIBCMTD:_trnsctrl_.obj
 0001:0002c910       __CreateFrameInfo          1002d910 f   LIBCMTD:_trnsctrl_.obj
 0001:0002c940       __FindAndUnlinkFrame       1002d940 f   LIBCMTD:_trnsctrl_.obj
 0001:0002c9a0       __IsExceptionObjectToBeDestroyed 1002d9a0 f   LIBCMTD:_trnsctrl_.obj
 0001:0002c9d0       ___CxxFrameHandler         1002d9d0 f   LIBCMTD:_trnsctrl_.obj
 0001:0002ca10       ___CxxFrameHandler2        1002da10 f   LIBCMTD:_trnsctrl_.obj
 0001:0002ca50       ___CxxFrameHandler3        1002da50 f   LIBCMTD:_trnsctrl_.obj
 0001:0002ca90       ___CxxLongjmpUnwind@4      1002da90 f   LIBCMTD:_trnsctrl_.obj
 0001:0002cac0       ___raise_securityfailure   1002dac0 f   LIBCMTD:gs_report.obj
 0001:0002cb10       ___report_gsfailure        1002db10 f   LIBCMTD:gs_report.obj
 0001:0002cc20       ___report_rangecheckfailure 1002dc20 f   LIBCMTD:gs_report.obj
 0001:0002cc30       ___report_securityfailure  1002dc30 f   LIBCMTD:gs_report.obj
 0001:0002cd10       ___report_securityfailureEx 1002dd10 f   LIBCMTD:gs_report.obj
 0001:0002ce40       ___iswcsym                 1002de40 f i LIBCMTD:_wctype.obj
 0001:0002ce80       ___iswcsymf                1002de80 f i LIBCMTD:_wctype.obj
 0001:0002cec0       __isleadbyte_l             1002dec0 f i LIBCMTD:_wctype.obj
 0001:0002cf10       __iswalnum_l               1002df10 f i LIBCMTD:_wctype.obj
 0001:0002cf30       __iswalpha_l               1002df30 f i LIBCMTD:_wctype.obj
 0001:0002cf50       __iswcntrl_l               1002df50 f i LIBCMTD:_wctype.obj
 0001:0002cf70       __iswcsym_l                1002df70 f i LIBCMTD:_wctype.obj
 0001:0002cfb0       __iswcsymf_l               1002dfb0 f i LIBCMTD:_wctype.obj
 0001:0002cff0       __iswdigit_l               1002dff0 f i LIBCMTD:_wctype.obj
 0001:0002d010       __iswgraph_l               1002e010 f i LIBCMTD:_wctype.obj
 0001:0002d030       __iswlower_l               1002e030 f i LIBCMTD:_wctype.obj
 0001:0002d050       __iswprint_l               1002e050 f i LIBCMTD:_wctype.obj
 0001:0002d070       __iswpunct_l               1002e070 f i LIBCMTD:_wctype.obj
 0001:0002d090       __iswspace_l               1002e090 f i LIBCMTD:_wctype.obj
 0001:0002d0b0       __iswupper_l               1002e0b0 f i LIBCMTD:_wctype.obj
 0001:0002d0d0       __iswxdigit_l              1002e0d0 f i LIBCMTD:_wctype.obj
 0001:0002d0f0       _isleadbyte                1002e0f0 f i LIBCMTD:_wctype.obj
 0001:0002d110       _iswalnum                  1002e110 f i LIBCMTD:_wctype.obj
 0001:0002d130       _iswalpha                  1002e130 f i LIBCMTD:_wctype.obj
 0001:0002d150       _iswascii                  1002e150 f i LIBCMTD:_wctype.obj
 0001:0002d180       _iswcntrl                  1002e180 f i LIBCMTD:_wctype.obj
 0001:0002d1a0       _iswdigit                  1002e1a0 f i LIBCMTD:_wctype.obj
 0001:0002d1c0       _iswgraph                  1002e1c0 f i LIBCMTD:_wctype.obj
 0001:0002d1e0       _iswlower                  1002e1e0 f i LIBCMTD:_wctype.obj
 0001:0002d200       _iswprint                  1002e200 f i LIBCMTD:_wctype.obj
 0001:0002d220       _iswpunct                  1002e220 f i LIBCMTD:_wctype.obj
 0001:0002d240       _iswspace                  1002e240 f i LIBCMTD:_wctype.obj
 0001:0002d260       _iswupper                  1002e260 f i LIBCMTD:_wctype.obj
 0001:0002d280       _iswxdigit                 1002e280 f i LIBCMTD:_wctype.obj
 0001:0002d2a0       ___pctype_func             1002e2a0 f   LIBCMTD:ctype.obj
 0001:0002d2f0       ___pwctype_func            1002e2f0 f   LIBCMTD:ctype.obj
 0001:0002d300       ___init_collate            1002e300 f   LIBCMTD:initcoll.obj
 0001:0002d310       ____lc_codepage_func       1002e310 f   LIBCMTD:initctyp.obj
 0001:0002d360       ____lc_collate_cp_func     1002e360 f   LIBCMTD:initctyp.obj
 0001:0002d3b0       ____lc_locale_name_func    1002e3b0 f   LIBCMTD:initctyp.obj
 0001:0002d400       ____mb_cur_max_func        1002e400 f   LIBCMTD:initctyp.obj
 0001:0002d450       ____mb_cur_max_l_func      1002e450 f   LIBCMTD:initctyp.obj
 0001:0002d480       ___init_ctype              1002e480 f   LIBCMTD:initctyp.obj
 0001:0002dac0       _wcscat_s                  1002eac0 f   LIBCMTD:wcscat_s.obj
 0001:0002ded0       _wcscmp                    1002eed0 f   LIBCMTD:wcscmp.obj
 0001:0002df30       _wcscpy_s                  1002ef30 f   LIBCMTD:wcscpy_s.obj
 0001:0002e240       _wcscspn                   1002f240 f   LIBCMTD:wcscspn.obj
 0001:0002e2b0       _wcslen                    1002f2b0 f   LIBCMTD:wcslen.obj
 0001:0002e2f0       _wcsnlen                   1002f2f0 f   LIBCMTD:wcslen_s.obj
 0001:0002e330       _wcsncmp                   1002f330 f   LIBCMTD:wcsncmp.obj
 0001:0002e390       _wcsncpy_s                 1002f390 f   LIBCMTD:wcsncpy_s.obj
 0001:0002e7c0       _wcspbrk                   1002f7c0 f   LIBCMTD:wcspbrk.obj
 0001:0002f360       ___get_qualified_locale    10030360 f   LIBCMTD:getqloc.obj
 0001:00030340       ___get_qualified_locale_downlevel 10031340 f   LIBCMTD:getqloc_downlevel.obj
 0001:00030610       _GetTableIndexFromLcid     10031610 f   LIBCMTD:winapinls.obj
 0001:00030680       _GetTableIndexFromLocaleName 10031680 f   LIBCMTD:winapinls.obj
 0001:00030710       ___crtCompareStringEx      10031710 f   LIBCMTD:winapinls.obj
 0001:00030780       ___crtDownlevelLCIDToLocaleName 10031780 f   LIBCMTD:winapinls.obj
 0001:00030850       ___crtDownlevelLocaleNameToLCID 10031850 f   LIBCMTD:winapinls.obj
 0001:000308b0       ___crtEnumSystemLocalesEx  100318b0 f   LIBCMTD:winapinls.obj
 0001:00030920       ___crtGetDateFormatEx      10031920 f   LIBCMTD:winapinls.obj
 0001:00030990       ___crtGetLocaleInfoEx      10031990 f   LIBCMTD:winapinls.obj
 0001:000309f0       ___crtGetTimeFormatEx      100319f0 f   LIBCMTD:winapinls.obj
 0001:00030a60       ___crtGetUserDefaultLocaleName 10031a60 f   LIBCMTD:winapinls.obj
 0001:00030ab0       ___crtIsValidLocaleName    10031ab0 f   LIBCMTD:winapinls.obj
 0001:00030af0       ___crtLCMapStringEx        10031af0 f   LIBCMTD:winapinls.obj
 0001:00030b60       ___wcsnicmp_ascii          10031b60 f   LIBCMTD:winapinls.obj
 0001:00030c30       __allmul                   10031c30 f   LIBCMTD:llmul.obj
 0001:00030c70       __aullrem                  10031c70 f   LIBCMTD:ullrem.obj
 0001:00030cf0       __free_base                10031cf0 f   LIBCMTD:free.obj
 0001:00030d40       __realloc_base             10031d40 f   LIBCMTD:realloc.obj
 0001:00030e40       __expand_base              10031e40 f   LIBCMTD:expand.obj
 0001:00030fb0       __CrtDbgReport             10031fb0 f   LIBCMTD:dbgrpt.obj
 0001:00031000       __CrtDbgReportV            10032000 f i LIBCMTD:dbgrpt.obj
 0001:00031030       __CrtSetReportHook2        10032030 f   LIBCMTD:dbgrpt.obj
 0001:00031380       ___crtMessageWindowA       10032380 f   LIBCMTD:dbgrpt.obj
 0001:00031820       ?_query_new_handler@@YAP6AHI@ZXZ 10032820 f   LIBCMTD:handler.obj
 0001:00031840       ?_set_new_handler@@YAP6AHI@ZH@Z 10032840 f   LIBCMTD:handler.obj
 0001:00031880       ?_set_new_handler@@YAP6AHI@ZP6AHI@Z@Z 10032880 f   LIBCMTD:handler.obj
 0001:000318c0       __callnewh                 100328c0 f   LIBCMTD:handler.obj
 0001:00031900       __initp_heap_handler       10032900 f   LIBCMTD:handler.obj
 0001:00031910       __heapchk                  10032910 f   LIBCMTD:heapchk.obj
 0001:00031940       __heapset                  10032940 f   LIBCMTD:heapchk.obj
 0001:00031950       __heap_alloc_base          10032950 f i LIBCMTD:malloc.obj
 0001:000319b0       __malloc_base              100329b0 f   LIBCMTD:malloc.obj
 0001:00031a40       __CrtDefaultAllocHook      10032a40 f   LIBCMTD:dbghook.obj
 0001:00031a50       __crt_debugger_hook        10032a50 f   LIBCMTD:dbghook.obj
 0001:00031a60       _memmove                   10032a60 f   LIBCMTD:memmove.obj
 0001:000320b0       _strcpy_s                  100330b0 f   LIBCMTD:strcpy_s.obj
 0001:000323b0       _$I10_OUTPUT               100333b0 f   LIBCMTD:x10fout.obj
 0001:000329c0       ___add_12                  100339c0 f i LIBCMTD:x10fout.obj
 0001:00032a70       ___addl                    10033a70 f i LIBCMTD:x10fout.obj
 0001:00032ab0       ___ld12mul                 10033ab0 f i LIBCMTD:x10fout.obj
 0001:00032ec0       ___multtenpow12            10033ec0 f i LIBCMTD:x10fout.obj
 0001:00032fa0       ___shl_12                  10033fa0 f i LIBCMTD:x10fout.obj
 0001:00033020       ___shr_12                  10034020 f i LIBCMTD:x10fout.obj
 0001:000330a0       _memcpy_s                  100340a0 f   LIBCMTD:memcpy_s.obj
 0001:00033270       ___swprintf_l              10034270 f   LIBCMTD:swprintf.obj
 0001:000332a0       __scwprintf                100342a0 f   LIBCMTD:swprintf.obj
 0001:000332c0       __scwprintf_l              100342c0 f   LIBCMTD:swprintf.obj
 0001:000332f0       __scwprintf_p              100342f0 f   LIBCMTD:swprintf.obj
 0001:00033310       __scwprintf_p_l            10034310 f   LIBCMTD:swprintf.obj
 0001:00033340       __snwprintf_s              10034340 f   LIBCMTD:swprintf.obj
 0001:00033370       __snwprintf_s_l            10034370 f   LIBCMTD:swprintf.obj
 0001:000333a0       __swprintf                 100343a0 f   LIBCMTD:swprintf.obj
 0001:000335c0       __swprintf_p               100345c0 f   LIBCMTD:swprintf.obj
 0001:000335f0       __swprintf_p_l             100345f0 f   LIBCMTD:swprintf.obj
 0001:00033620       __swprintf_s_l             10034620 f   LIBCMTD:swprintf.obj
 0001:00033650       _swprintf_s                10034650 f   LIBCMTD:swprintf.obj
 0001:00033680       ___fpecode                 10034680 f   LIBCMTD:winsig.obj
 0001:00033690       ___get_sigabrt             10034690 f   LIBCMTD:winsig.obj
 0001:000336b0       ___pxcptinfoptrs           100346b0 f   LIBCMTD:winsig.obj
 0001:000336c0       __initp_misc_winsig        100346c0 f   LIBCMTD:winsig.obj
 0001:000337e0       _raise                     100347e0 f   LIBCMTD:winsig.obj
 0001:00033b50       _signal                    10034b50 f   LIBCMTD:winsig.obj
 0001:00033f00       ___crtMessageBoxW          10034f00 f   LIBCMTD:crtmboxw.obj
 0001:00034210       ___crtMessageBoxWaitThreadW@4 10035210 f   LIBCMTD:crtmboxw.obj
 0001:00034250       __CrtDbgBreak              10035250 f   LIBCMTD:dbgrptt.obj
 0001:00034260       __CrtGetReportHook         10035260 f   LIBCMTD:dbgrptt.obj
 0001:00034270       __CrtSetReportFile         10035270 f   LIBCMTD:dbgrptt.obj
 0001:00034370       __CrtSetReportHook         10035370 f   LIBCMTD:dbgrptt.obj
 0001:00034390       __CrtSetReportMode         10035390 f   LIBCMTD:dbgrptt.obj
 0001:000344d0       __VCrtDbgReportA           100354d0 f   LIBCMTD:dbgrptt.obj
 0001:00034d40       __VCrtDbgReportW           10035d40 f   LIBCMTD:dbgrptt.obj
 0001:000356b0       __chkstk                   100366b0 f   LIBCMTD:chkstk.obj
 0001:000356b0       __alloca_probe             100366b0     LIBCMTD:chkstk.obj
 0001:000356e0       __fcloseall                100366e0 f   LIBCMTD:closeall.obj
 0001:00035810       __commit                   10036810 f   LIBCMTD:commit.obj
 0001:00035a50       __write                    10036a50 f   LIBCMTD:write.obj
 0001:00035ca0       __write_nolock             10036ca0 f   LIBCMTD:write.obj
 0001:00036a30       __FindPESection            10037a30 f   LIBCMTD:pesect.obj
 0001:00036ab0       __IsNonwritableInCurrentImage 10037ab0 f   LIBCMTD:pesect.obj
 0001:00036be0       __ValidateImageBase        10037be0 f   LIBCMTD:pesect.obj
 0001:00036c40       __read                     10037c40 f   LIBCMTD:read.obj
 0001:00036f10       __read_nolock              10037f10 f   LIBCMTD:read.obj
 0001:00038150       __getbuf                   10039150 f   LIBCMTD:_getbuf.obj
 0001:00038220       __mbsnbcmp                 10039220 f   LIBCMTD:mbsnbcmp.obj
 0001:00038240       __mbsnbcmp_l               10039240 f   LIBCMTD:mbsnbcmp.obj
 0001:00038560       __mbsnbicmp                10039560 f   LIBCMTD:mbsnbicm.obj
 0001:00038580       __mbsnbicmp_l              10039580 f   LIBCMTD:mbsnbicm.obj
 0001:00038ac0       __global_unwind2           10039ac0 f   LIBCMTD:exsup.obj
 0001:00038b25       __local_unwind2            10039b25 f   LIBCMTD:exsup.obj
 0001:00038ba9       __abnormal_termination     10039ba9 f   LIBCMTD:exsup.obj
 0001:00038bcc       __NLG_Notify1              10039bcc f   LIBCMTD:exsup.obj
 0001:00038bd5       __NLG_Notify               10039bd5 f   LIBCMTD:exsup.obj
 0001:00038bec       __NLG_Dispatch2            10039bec     LIBCMTD:exsup.obj
 0001:00038bec       __NLG_Dispatch             10039bec     LIBCMTD:exsup.obj
 0001:00038bf4       __NLG_Call                 10039bf4 f   LIBCMTD:exsup.obj
 0001:00038bf6       __NLG_Return2              10039bf6     LIBCMTD:exsup.obj
 0001:00038c00       __isatty                   10039c00 f   LIBCMTD:isatty.obj
 0001:00038cc0       __output_s_l               10039cc0 f   LIBCMTD:outputs.obj
 0001:0003a660       __output_p_l               1003b660 f   LIBCMTD:outputp.obj
 0001:0003e450       __validate_param_reuseA    1003f450 f   LIBCMTD:outputp.obj
 0001:0003e740       _get_crtdouble_arg         1003f740 f i LIBCMTD:outputp.obj
 0001:0003e900       __wctomb_l                 1003f900 f   LIBCMTD:wctomb.obj
 0001:0003e980       __wctomb_s_l               1003f980 f   LIBCMTD:wctomb.obj
 0001:0003ecd0       _wctomb                    1003fcd0 f   LIBCMTD:wctomb.obj
 0001:0003ed20       _wctomb_s                  1003fd20 f   LIBCMTD:wctomb.obj
 0001:0003ed40       __FF_MSGBANNER             1003fd40 f   LIBCMTD:crt0msg.obj
 0001:0003ed90       __GET_RTERRMSG             1003fd90 f   LIBCMTD:crt0msg.obj
 0001:0003edd0       __NMSG_WRITE               1003fdd0 f   LIBCMTD:crt0msg.obj
 0001:0003f190       ___onexitinit              10040190 f   LIBCMTD:onexit.obj
 0001:0003f1f0       __onexit                   100401f0 f   LIBCMTD:onexit.obj
 0001:0003f3b0       _atexit                    100403b0 f   LIBCMTD:onexit.obj
 0001:0003f3e0       ?_inconsistency@@YAXXZ     100403e0 f   LIBCMTD:hooks.obj
 0001:0003f470       ?terminate@@YAXXZ          10040470 f   LIBCMTD:hooks.obj
 0001:0003f4f0       ?unexpected@@YAXXZ         100404f0 f   LIBCMTD:hooks.obj
 0001:0003f520       __initp_eh_hooks           10040520 f   LIBCMTD:hooks.obj
 0001:0003f540       ___getlocaleinfo           10040540 f   LIBCMTD:inithelp.obj
 0001:0003f840       __initp_misc_purevirt      10040840 f   LIBCMTD:inithelp.obj
 0001:0003f850       __initp_misc_rand_s        10040850 f   LIBCMTD:rand_s.obj
 0001:0003f860       _rand_s                    10040860 f   LIBCMTD:rand_s.obj
 0001:0003fad0       __ungetc_nolock            10040ad0 f   LIBCMTD:ungetc.obj
 0001:0003fd00       _ungetc                    10040d00 f   LIBCMTD:ungetc.obj
 0001:0003fe00       __mbtowc_l                 10040e00 f   LIBCMTD:mbtowc.obj
 0001:00040040       _mbtowc                    10041040 f   LIBCMTD:mbtowc.obj
 0001:00040060       __allshl                   10041060 f   LIBCMTD:llshl.obj
 0001:00040080       __lseeki64                 10041080 f   LIBCMTD:lseeki64.obj
 0001:000402f0       __lseeki64_nolock          100412f0 f   LIBCMTD:lseeki64.obj
 0001:000403c0       _strncpy_s                 100413c0 f   LIBCMTD:strncpy_s.obj
 0001:000407e0       __dupenv_s                 100417e0 f   LIBCMTD:getenv.obj
 0001:00040800       __dupenv_s_dbg             10041800 f   LIBCMTD:getenv.obj
 0001:00040a80       __getenv_helper_nolock     10041a80 f   LIBCMTD:getenv.obj
 0001:00040d50       _getenv                    10041d50 f   LIBCMTD:getenv.obj
 0001:00040ed0       _getenv_s                  10041ed0 f   LIBCMTD:getenv.obj
 0001:00040f60       __chsize                   10041f60 f   LIBCMTD:chsize.obj
 0001:00040fa0       __chsize_nolock            10041fa0 f   LIBCMTD:chsize.obj
 0001:00041250       __chsize_s                 10042250 f   LIBCMTD:chsize.obj
 0001:00041510       __get_fmode                10042510 f   LIBCMTD:setmode.obj
 0001:000415b0       __set_fmode                100425b0 f   LIBCMTD:setmode.obj
 0001:00041660       __setmode                  10042660 f   LIBCMTD:setmode.obj
 0001:00041920       __setmode_nolock           10042920 f   LIBCMTD:setmode.obj
 0001:00041b90       __access                   10042b90 f   LIBCMTD:access.obj
 0001:00041bd0       __access_s                 10042bd0 f   LIBCMTD:access.obj
 0001:00041c30       _strcat_s                  10042c30 f   LIBCMTD:strcat_s.obj
 0001:00042030       __dospawn                  10043030 f   LIBCMTD:dospawn.obj
 0001:00042410       __cenvarg                  10043410 f   LIBCMTD:cenvarg.obj
 0001:00042a80       __mbschr                   10043a80 f   LIBCMTD:mbschr.obj
 0001:00042aa0       __mbschr_l                 10043aa0 f   LIBCMTD:mbschr.obj
 0001:00042c40       __mbsrchr                  10043c40 f   LIBCMTD:mbsrchr.obj
 0001:00042c60       __mbsrchr_l                10043c60 f   LIBCMTD:mbsrchr.obj
 0001:00042de0       __tolower                  10043de0 f   LIBCMTD:tolower.obj
 0001:00042df0       __tolower_l                10043df0 f   LIBCMTD:tolower.obj
 0001:00043030       _tolower                   10044030 f   LIBCMTD:tolower.obj
 0001:00043080       _strrchr                   10044080 f   LIBCMTD:strrchr.obj
 0001:000431c0       __atodbl                   100441c0 f   LIBCMTD:atodbl.obj
 0001:000431e0       __atodbl_l                 100441e0 f   LIBCMTD:atodbl.obj
 0001:000432e0       __atoflt                   100442e0 f   LIBCMTD:atodbl.obj
 0001:00043300       __atoflt_l                 10044300 f   LIBCMTD:atodbl.obj
 0001:00043400       __atoldbl                  10044400 f   LIBCMTD:atodbl.obj
 0001:00043420       __atoldbl_l                10044420 f   LIBCMTD:atodbl.obj
 0001:00043520       __aullshr                  10044520 f   LIBCMTD:ullshr.obj
 0001:00043540       __get_output_format        10044540 f   LIBCMTD:outputformat.obj
 0001:00043550       __set_output_format        10044550 f   LIBCMTD:outputformat.obj
 0001:000435f0       __controlfp_s              100445f0 f   LIBCMTD:contrlfp.obj
 0001:000436e0       __fptrap                   100446e0 f   LIBCMTD:crt0fp.obj
 0001:000437b0       __ismbbalnum               100447b0 f   LIBCMTD:ismbbyte.obj
 0001:000437d0       __ismbbalnum_l             100447d0 f   LIBCMTD:ismbbyte.obj
 0001:000437f0       __ismbbalpha               100447f0 f   LIBCMTD:ismbbyte.obj
 0001:00043810       __ismbbalpha_l             10044810 f   LIBCMTD:ismbbyte.obj
 0001:00043830       __ismbbgraph               10044830 f   LIBCMTD:ismbbyte.obj
 0001:00043850       __ismbbgraph_l             10044850 f   LIBCMTD:ismbbyte.obj
 0001:00043870       __ismbbkalnum              10044870 f   LIBCMTD:ismbbyte.obj
 0001:00043890       __ismbbkalnum_l            10044890 f   LIBCMTD:ismbbyte.obj
 0001:000438b0       __ismbbkana                100448b0 f   LIBCMTD:ismbbyte.obj
 0001:000438d0       __ismbbkana_l              100448d0 f   LIBCMTD:ismbbyte.obj
 0001:00043940       __ismbbkprint              10044940 f   LIBCMTD:ismbbyte.obj
 0001:00043960       __ismbbkprint_l            10044960 f   LIBCMTD:ismbbyte.obj
 0001:00043980       __ismbbkpunct              10044980 f   LIBCMTD:ismbbyte.obj
 0001:000439a0       __ismbbkpunct_l            100449a0 f   LIBCMTD:ismbbyte.obj
 0001:000439c0       __ismbblead                100449c0 f   LIBCMTD:ismbbyte.obj
 0001:000439e0       __ismbblead_l              100449e0 f   LIBCMTD:ismbbyte.obj
 0001:00043a00       __ismbbprint               10044a00 f   LIBCMTD:ismbbyte.obj
 0001:00043a20       __ismbbprint_l             10044a20 f   LIBCMTD:ismbbyte.obj
 0001:00043a40       __ismbbpunct               10044a40 f   LIBCMTD:ismbbyte.obj
 0001:00043a60       __ismbbpunct_l             10044a60 f   LIBCMTD:ismbbyte.obj
 0001:00043a80       __ismbbtrail               10044a80 f   LIBCMTD:ismbbyte.obj
 0001:00043aa0       __ismbbtrail_l             10044aa0 f   LIBCMTD:ismbbyte.obj
 0001:00043ac0       __CallSettingFrame@12      10044ac0 f   LIBCMTD:lowhelpr.obj
 0001:00043ae7       __NLG_Return               10044ae7     LIBCMTD:lowhelpr.obj
 0001:00043b10       ___DestructExceptionObject 10044b10 f   LIBCMTD:frame.obj
 0001:00043c30       ??0bad_exception@std@@QAE@ABV01@@Z 10044c30 f i LIBCMTD:frame.obj
 0001:00043c60       ??0bad_exception@std@@QAE@PBD@Z 10044c60 f i LIBCMTD:frame.obj
 0001:00043c90       ??1bad_exception@std@@UAE@XZ 10044c90 f i LIBCMTD:frame.obj
 0001:00043cb0       ??_Ebad_exception@std@@UAEPAXI@Z 10044cb0 f i LIBCMTD:frame.obj
 0001:00043cb0       ??_Gbad_exception@std@@UAEPAXI@Z 10044cb0 f i LIBCMTD:frame.obj
 0001:000448b0       ?__uncaught_exception@@YA_NXZ 100458b0 f   LIBCMTD:frame.obj
 0001:000448e0       ?_is_exception_typeof@@YAHABVtype_info@@PAU_EXCEPTION_POINTERS@@@Z 100458e0 f   LIBCMTD:frame.obj
 0001:000449c0       ___AdjustPointer           100459c0 f   LIBCMTD:frame.obj
 0001:00044a10       ___BuildCatchObject        10045a10 f   LIBCMTD:frame.obj
 0001:00044b20       ___BuildCatchObjectHelper  10045b20 f   LIBCMTD:frame.obj
 0001:00044da0       ___CxxDetectRethrow        10045da0 f   LIBCMTD:frame.obj
 0001:00044e20       ___CxxExceptionFilter      10045e20 f   LIBCMTD:frame.obj
 0001:00045020       ___CxxQueryExceptionSize   10046020 f   LIBCMTD:frame.obj
 0001:00045030       ___CxxRegisterExceptionObject 10046030 f   LIBCMTD:frame.obj
 0001:00045170       ___CxxUnregisterExceptionObject 10046170 f   LIBCMTD:frame.obj
 0001:000452f0       ___FrameUnwindFilter       100462f0 f   LIBCMTD:frame.obj
 0001:00045370       ___FrameUnwindToState      10046370 f   LIBCMTD:frame.obj
 0001:000454f0       ___InternalCxxFrameHandler 100464f0 f   LIBCMTD:frame.obj
 0001:00045660       ___TypeMatch               10046660 f   LIBCMTD:frame.obj
 0001:00045720       __iswctype_l               10046720 f   LIBCMTD:iswctype.obj
 0001:00045740       _is_wctype                 10046740 f   LIBCMTD:iswctype.obj
 0001:00045760       _iswctype                  10046760 f   LIBCMTD:iswctype.obj
 0001:00045c00       __i64tow_s                 10046c00 f   LIBCMTD:xtows.obj
 0001:00045c50       __itow_s                   10046c50 f   LIBCMTD:xtows.obj
 0001:00045cb0       __ltow_s                   10046cb0 f   LIBCMTD:xtows.obj
 0001:00045cf0       __ui64tow_s                10046cf0 f   LIBCMTD:xtows.obj
 0001:00045d10       __ultow_s                  10046d10 f   LIBCMTD:xtows.obj
 0001:00046130       __wtoi                     10047130 f   LIBCMTD:wtox.obj
 0001:00046150       __wtoi64                   10047150 f   LIBCMTD:wtox.obj
 0001:00046170       __wtoi64_l                 10047170 f   LIBCMTD:wtox.obj
 0001:00046190       __wtoi_l                   10047190 f   LIBCMTD:wtox.obj
 0001:000461b0       __wtol                     100471b0 f   LIBCMTD:wtox.obj
 0001:000461d0       __wtol_l                   100471d0 f   LIBCMTD:wtox.obj
 0001:000461f0       _wcschr                    100471f0 f   LIBCMTD:wcschr.obj
 0001:00046370       __wcsicmp                  10047370 f   LIBCMTD:wcsicmp.obj
 0001:00046540       __wcsicmp_l                10047540 f   LIBCMTD:wcsicmp.obj
 0001:000467b0       __wcsnicmp                 100477b0 f   LIBCMTD:wcsnicmp.obj
 0001:000469a0       __wcsnicmp_l               100479a0 f   LIBCMTD:wcsnicmp.obj
 0001:00046c00       ___vswprintf_l             10047c00 f   LIBCMTD:vswprint.obj
 0001:00046c20       __vscwprintf               10047c20 f   LIBCMTD:vswprint.obj
 0001:00046c40       __vscwprintf_helper        10047c40 f   LIBCMTD:vswprint.obj
 0001:00046d30       __vscwprintf_l             10047d30 f   LIBCMTD:vswprint.obj
 0001:00046d50       __vscwprintf_p             10047d50 f   LIBCMTD:vswprint.obj
 0001:00046d70       __vscwprintf_p_l           10047d70 f   LIBCMTD:vswprint.obj
 0001:00046d90       __vswprintf                10047d90 f   LIBCMTD:vswprint.obj
 0001:00046db0       __vswprintf_l              10047db0 f   LIBCMTD:vswprint.obj
 0001:00046fd0       __vsnwprintf_s             10047fd0 f   LIBCMTD:vswprnc.obj
 0001:00047000       __vsnwprintf_s_l           10048000 f   LIBCMTD:vswprnc.obj
 0001:000473e0       __vswprintf_c              100483e0 f   LIBCMTD:vswprnc.obj
 0001:00047430       __vswprintf_c_l            10048430 f   LIBCMTD:vswprnc.obj
 0001:00047480       __vswprintf_helper         10048480 f   LIBCMTD:vswprnc.obj
 0001:000476f0       __vswprintf_p              100486f0 f   LIBCMTD:vswprnc.obj
 0001:00047740       __vswprintf_p_l            10048740 f   LIBCMTD:vswprnc.obj
 0001:00047790       __vswprintf_s_l            10048790 f   LIBCMTD:vswprnc.obj
 0001:00047a20       _vswprintf_s               10048a20 f   LIBCMTD:vswprnc.obj
 0001:00047a40       __woutput_l                10048a40 f   LIBCMTD:woutput.obj
 0001:00049450       __i64toa_s                 1004a450 f   LIBCMTD:xtoas.obj
 0001:000494a0       __itoa_s                   1004a4a0 f   LIBCMTD:xtoas.obj
 0001:00049500       __ltoa_s                   1004a500 f   LIBCMTD:xtoas.obj
 0001:00049540       __ui64toa_s                1004a540 f   LIBCMTD:xtoas.obj
 0001:00049560       __ultoa_s                  1004a560 f   LIBCMTD:xtoas.obj
 0001:00049960       __mbstowcs_l               1004a960 f   LIBCMTD:mbstowcs.obj
 0001:00049980       __mbstowcs_l_helper        1004a980 f   LIBCMTD:mbstowcs.obj
 0001:00049d10       __mbstowcs_s_l             1004ad10 f   LIBCMTD:mbstowcs.obj
 0001:0004a0d0       _mbstowcs                  1004b0d0 f   LIBCMTD:mbstowcs.obj
 0001:0004a120       _mbstowcs_s                1004b120 f   LIBCMTD:mbstowcs.obj
 0001:0004a1b0       __wcstombs_l               1004b1b0 f   LIBCMTD:wcstombs.obj
 0001:0004a1d0       __wcstombs_l_helper        1004b1d0 f   LIBCMTD:wcstombs.obj
 0001:0004a6e0       __wcstombs_s_l             1004b6e0 f   LIBCMTD:wcstombs.obj
 0001:0004aa40       _wcstombs                  1004ba40 f   LIBCMTD:wcstombs.obj
 0001:0004aa60       _wcstombs_s                1004ba60 f   LIBCMTD:wcstombs.obj
 0001:0004aa90       __putwch                   1004ba90 f   LIBCMTD:putwch.obj
 0001:0004ab20       __putwch_nolock            1004bb20 f   LIBCMTD:putwch.obj
 0001:0004ab70       _strncmp                   1004bb70 f   LIBCMTD:strncmp.obj
 0001:0004abf0       __strnicmp                 1004bbf0 f   LIBCMTD:strnicmp.obj
 0001:0004adc0       __strnicmp_l               1004bdc0 f   LIBCMTD:strnicmp.obj
 0001:0004b050       ___set_app_type            1004c050 f   LIBCMTD:errmode.obj
 0001:0004b060       __set_error_mode           1004c060 f   LIBCMTD:errmode.obj
 0001:0004b120       __set_abort_behavior       1004c120 f   LIBCMTD:abort.obj
 0001:0004b150       _abort                     1004c150 f   LIBCMTD:abort.obj
 0001:0004b2d0       ___crtGetLocaleInfoA       1004c2d0 f   LIBCMTD:a_loc.obj
 0001:0004b320       _strnlen                   1004c320 f   LIBCMTD:strlen_s.obj
 0001:0004b360       ___wtomb_environ           1004c360 f   LIBCMTD:wtombenv.obj
 0001:0004b450       __mbsnbicoll               1004c450 f   LIBCMTD:mbsnbico.obj
 0001:0004b470       __mbsnbicoll_l             1004c470 f   LIBCMTD:mbsnbico.obj
 0001:0004b6f0       __waccess                  1004c6f0 f   LIBCMTD:waccess.obj
 0001:0004b730       __waccess_s                1004c730 f   LIBCMTD:waccess.obj
 0001:0004b8d0       __mbsnicmp                 1004c8d0 f   LIBCMTD:mbsnicmp.obj
 0001:0004b8f0       __mbsnicmp_l               1004c8f0 f   LIBCMTD:mbsnicmp.obj
 0001:0004bdc0       _strchr                    1004cdc0 f   LIBCMTD:strchr.obj
 0001:0004be2e       ___from_strstr_to_strchr   1004ce2e     LIBCMTD:strchr.obj
 0001:0004bef0       __CopyMan                  1004cef0 f i LIBCMTD:intrncvt.obj
 0001:0004bf40       __FillZeroMan              1004cf40 f i LIBCMTD:intrncvt.obj
 0001:0004bf70       __IncMan                   1004cf70 f i LIBCMTD:intrncvt.obj
 0001:0004c020       __IsZeroMan                1004d020 f i LIBCMTD:intrncvt.obj
 0001:0004c060       __RoundMan                 1004d060 f i LIBCMTD:intrncvt.obj
 0001:0004c140       __ShrMan                   1004d140 f i LIBCMTD:intrncvt.obj
 0001:0004c230       __ZeroTail                 1004d230 f i LIBCMTD:intrncvt.obj
 0001:0004c2c0       __ld12cvt                  1004d2c0 f i LIBCMTD:intrncvt.obj
 0001:0004c580       __ld12tod                  1004d580 f   LIBCMTD:intrncvt.obj
 0001:0004c5a0       __ld12tof                  1004d5a0 f   LIBCMTD:intrncvt.obj
 0001:0004c5c0       __ld12told                 1004d5c0 f   LIBCMTD:intrncvt.obj
 0001:0004c6c0       ___STRINGTOLD_L            1004d6c0 f   LIBCMTD:strgtold.obj
 0001:0004c730       ___strgtold12_l            1004d730 f   LIBCMTD:strgtold.obj
 0001:0004d400       ___control87_2             1004e400 f   LIBCMTD:ieee87.obj
 0001:0004d8a0       __clearfp                  1004e8a0 f   LIBCMTD:ieee87.obj
 0001:0004d8e0       __control87                1004e8e0 f i LIBCMTD:ieee87.obj
 0001:0004d990       __controlfp                1004e990 f   LIBCMTD:ieee87.obj
 0001:0004d9b0       __fpreset                  1004e9b0 f   LIBCMTD:ieee87.obj
 0001:0004db70       __set_controlfp            1004eb70 f   LIBCMTD:ieee87.obj
 0001:0004dc00       __statusfp                 1004ec00 f   LIBCMTD:ieee87.obj
 0001:0004dc40       __statusfp2                1004ec40 f   LIBCMTD:ieee87.obj
 0001:0004dc80       ??3@YAXPAX@Z               1004ec80 f   LIBCMTD:dbgdel.obj
 0001:0004dd70       ?_ValidateExecute@@YAHP6GHXZ@Z 1004ed70 f   LIBCMTD:validate.obj
 0001:0004dd90       ?_ValidateRead@@YAHPBXI@Z  1004ed90 f   LIBCMTD:validate.obj
 0001:0004ddb0       ?_ValidateWrite@@YAHPAXI@Z 1004edb0 f   LIBCMTD:validate.obj
 0001:0004ddd0       ??0type_info@@AAE@ABV0@@Z  1004edd0 f   LIBCMTD:typinfo.obj
 0001:0004ddf0       ??1type_info@@UAE@XZ       1004edf0 f   LIBCMTD:typinfo.obj
 0001:0004de10       ??4type_info@@AAEAAV0@ABV0@@Z 1004ee10 f   LIBCMTD:typinfo.obj
 0001:0004de20       ??8type_info@@QBE_NABV0@@Z 1004ee20 f   LIBCMTD:typinfo.obj
 0001:0004de60       ??9type_info@@QBE_NABV0@@Z 1004ee60 f   LIBCMTD:typinfo.obj
 0001:0004dea0       ??_Gtype_info@@UAEPAXI@Z   1004eea0 f i LIBCMTD:typinfo.obj
 0001:0004dea0       ??_Etype_info@@UAEPAXI@Z   1004eea0 f i LIBCMTD:typinfo.obj
 0001:0004ded0       ?_name_internal_method@type_info@@QBEPBDPAU__type_info_node@@@Z 1004eed0 f   LIBCMTD:typinfo.obj
 0001:0004def0       ?_type_info_dtor_internal_method@type_info@@QAEXXZ 1004eef0 f   LIBCMTD:typinfo.obj
 0001:0004df10       ?before@type_info@@QBE_NABV1@@Z 1004ef10 f   LIBCMTD:typinfo.obj
 0001:0004df50       ?name@type_info@@QBEPBDPAU__type_info_node@@@Z 1004ef50 f   LIBCMTD:typinfo.obj
 0001:0004df70       ?raw_name@type_info@@QBEPBDXZ 1004ef70 f   LIBCMTD:typinfo.obj
 0001:0004df90       ??0__non_rtti_object@std@@QAE@ABV01@@Z 1004ef90 f   LIBCMTD:stdexcpt.obj
 0001:0004dfc0       ??0__non_rtti_object@std@@QAE@PBD@Z 1004efc0 f   LIBCMTD:stdexcpt.obj
 0001:0004dff0       ??0bad_cast@std@@QAE@ABV01@@Z 1004eff0 f   LIBCMTD:stdexcpt.obj
 0001:0004e020       ??0bad_cast@std@@QAE@PBD@Z 1004f020 f   LIBCMTD:stdexcpt.obj
 0001:0004e050       ??0bad_typeid@std@@QAE@ABV01@@Z 1004f050 f   LIBCMTD:stdexcpt.obj
 0001:0004e080       ??0bad_typeid@std@@QAE@PBD@Z 1004f080 f   LIBCMTD:stdexcpt.obj
 0001:0004e0b0       ??0exception@std@@QAE@ABQBD@Z 1004f0b0 f   LIBCMTD:stdexcpt.obj
 0001:0004e0f0       ??0exception@std@@QAE@ABQBDH@Z 1004f0f0 f   LIBCMTD:stdexcpt.obj
 0001:0004e120       ??0exception@std@@QAE@ABV01@@Z 1004f120 f   LIBCMTD:stdexcpt.obj
 0001:0004e160       ??0exception@std@@QAE@XZ   1004f160 f   LIBCMTD:stdexcpt.obj
 0001:0004e190       ??1__non_rtti_object@std@@UAE@XZ 1004f190 f   LIBCMTD:stdexcpt.obj
 0001:0004e1b0       ??1bad_cast@std@@UAE@XZ    1004f1b0 f   LIBCMTD:stdexcpt.obj
 0001:0004e1d0       ??1bad_typeid@std@@UAE@XZ  1004f1d0 f   LIBCMTD:stdexcpt.obj
 0001:0004e1f0       ??1exception@std@@UAE@XZ   1004f1f0 f   LIBCMTD:stdexcpt.obj
 0001:0004e210       ??4exception@std@@QAEAAV01@ABV01@@Z 1004f210 f   LIBCMTD:stdexcpt.obj
 0001:0004e260       ??_E__non_rtti_object@std@@UAEPAXI@Z 1004f260 f i LIBCMTD:stdexcpt.obj
 0001:0004e260       ??_G__non_rtti_object@std@@UAEPAXI@Z 1004f260 f i LIBCMTD:stdexcpt.obj
 0001:0004e290       ??_Gbad_cast@std@@UAEPAXI@Z 1004f290 f i LIBCMTD:stdexcpt.obj
 0001:0004e290       ??_Ebad_cast@std@@UAEPAXI@Z 1004f290 f i LIBCMTD:stdexcpt.obj
 0001:0004e2c0       ??_Gbad_typeid@std@@UAEPAXI@Z 1004f2c0 f i LIBCMTD:stdexcpt.obj
 0001:0004e2c0       ??_Ebad_typeid@std@@UAEPAXI@Z 1004f2c0 f i LIBCMTD:stdexcpt.obj
 0001:0004e2f0       ??_Eexception@std@@UAEPAXI@Z 1004f2f0 f i LIBCMTD:stdexcpt.obj
 0001:0004e2f0       ??_Gexception@std@@UAEPAXI@Z 1004f2f0 f i LIBCMTD:stdexcpt.obj
 0001:0004e320       ?_Copy_str@exception@std@@AAEXPBD@Z 1004f320 f   LIBCMTD:stdexcpt.obj
 0001:0004e380       ?_Tidy@exception@std@@AAEXXZ 1004f380 f   LIBCMTD:stdexcpt.obj
 0001:0004e3c0       ?what@exception@std@@UBEPBDXZ 1004f3c0 f   LIBCMTD:stdexcpt.obj
 0001:0004e3f0       __CxxThrowException@8      1004f3f0 f   LIBCMTD:throw.obj
 0001:0004e840       __wcstol_l                 1004f840 f   LIBCMTD:wcstol.obj
 0001:0004e860       __wcstoul_l                1004f860 f   LIBCMTD:wcstol.obj
 0001:0004e880       _wcstol                    1004f880 f   LIBCMTD:wcstol.obj
 0001:0004e8a0       _wcstoul                   1004f8a0 f   LIBCMTD:wcstol.obj
 0001:0004ee10       __wcstoi64                 1004fe10 f   LIBCMTD:wcstoq.obj
 0001:0004ee60       __wcstoi64_l               1004fe60 f   LIBCMTD:wcstoq.obj
 0001:0004ee80       __wcstoui64                1004fe80 f   LIBCMTD:wcstoq.obj
 0001:0004eed0       __wcstoui64_l              1004fed0 f   LIBCMTD:wcstoq.obj
 0001:0004eef0       __towlower_l               1004fef0 f   LIBCMTD:towlower.obj
 0001:0004f040       _towlower                  10050040 f   LIBCMTD:towlower.obj
 0001:0004f060       __validate_param_reuseW    10050060 f   LIBCMTD:woutputp.obj
 0001:0004f340       __woutput_p_l              10050340 f   LIBCMTD:woutputp.obj
 0001:00052e30       __woutput_s_l              10053e30 f   LIBCMTD:woutputs.obj
[...]
 0001:00061338       __ehhandler$?strtoxq@@YA_KPAUlocaleinfo_struct@@PBDPAPBDHH@Z 10062338 f   LIBCMTD:strtoq.obj
 0001:00061360       __unwindfunclet$?strtoxl@@YAKPAUlocaleinfo_struct@@PBDPAPBDHH@Z$0 10062360 f   LIBCMTD:strtol.obj
 0001:00061368       __ehhandler$?strtoxl@@YAKPAUlocaleinfo_struct@@PBDPAPBDHH@Z 10062368 f   LIBCMTD:strtol.obj
 0001:00061390       __unwindfunclet$?x_ismbbtype_l@@YAHPAUlocaleinfo_struct@@IHH@Z$0 10062390 f   LIBCMTD:ismbbyte.obj
 0001:00061398       __ehhandler$?x_ismbbtype_l@@YAHPAUlocaleinfo_struct@@IHH@Z 10062398 f   LIBCMTD:ismbbyte.obj
 0001:000613c0       __ehhandler$?CallUnexpected@@YAXPBU_s_ESTypeList@@@Z 100623c0 f   LIBCMTD:frame.obj
 0001:000613e0       __unwindfunclet$?wcstoxq@@YA_KPAUlocaleinfo_struct@@PB_WPAPB_WHH@Z$0 100623e0 f   LIBCMTD:wcstoq.obj
 0001:000613e8       __ehhandler$?wcstoxq@@YA_KPAUlocaleinfo_struct@@PB_WPAPB_WHH@Z 100623e8 f   LIBCMTD:wcstoq.obj
 0001:00061410       __unwindfunclet$?make@DNameStatusNode@@SAPAV1@W4DNameStatus@@@Z$0 10062410 f   LIBCMTD:undname.obj
 0001:0006141e       __ehhandler$?make@DNameStatusNode@@SAPAV1@W4DNameStatus@@@Z 1006241e f   LIBCMTD:undname.obj
 0002:00000204       _pinit                     10063204     LIBCMTD:mbctype.obj
 0002:00000208       _pinit                     10063208     LIBCMTD:cpu_disp.obj
 0002:0000020c       _pinit                     1006320c     LIBCMTD:_file.obj
 0002:00000210       _pinit                     10063210     LIBCMTD:onexit.obj
 0002:0000021c       _pterm                     1006321c     LIBCMTD:wsetloca.obj
 0002:00000220       _pterm                     10063220     LIBCMTD:initcon.obj
 0002:00000224       _pterm                     10063224     LIBCMTD:_file.obj
 0002:000023b4       __mb_locale_names          100653b4     LIBCMTD:mbctype.obj
 0002:00002908       __first_127char            10065908     LIBCMTD:wsetloca.obj
 0002:00003b88       _szBlockUseName            10066b88     LIBCMTD:dbgheap.obj
 0002:000050a4       __CrtDbgModeMsg            100680a4     LIBCMTD:dbgrptw.obj
 0002:0000598c       ?ccsField@?P@??_openfile@@9@9 1006898c     LIBCMTD:_open.obj
 0002:00005990       ?utf8encoding@?P@??_openfile@@9@9 10068990     LIBCMTD:_open.obj
 0002:00005998       ?utf16encoding@?P@??_openfile@@9@9 10068998     LIBCMTD:_open.obj
 0002:000059a4       ?unicodeencoding@?P@??_openfile@@9@9 100689a4     LIBCMTD:_open.obj
 0002:00007ce0       _GS_ExceptionPointers      1006ace0     LIBCMTD:gs_report.obj
 0002:0000bdc4       __CrtDbgModeMsg            1006edc4     LIBCMTD:dbgrpt.obj
 0002:0000e150       _rterrs                    10071150     LIBCMTD:crt0msg.obj
 0002:00010e10       ?ExceptionTemplate@?1??_CxxThrowException@@9@8@4UEHExceptionRecord@@B 10073e10     LIBCMTD:throw.obj
 0002:00011608       _tokenTable                10074608     LIBCMTD:undname.obj
 0002:0001163c       _rttiTable                 1007463c     LIBCMTD:undname.obj
 0002:00011650       _nameTable                 10074650     LIBCMTD:undname.obj
 0002:00012580       __sehtable$_fclose         10075580     LIBCMTD:fclose.obj
 0002:000125a0       __sehtable$_fgets          100755a0     LIBCMTD:fgets.obj
 0002:000125c0       __sehtable$__fsopen        100755c0     LIBCMTD:fopen.obj
 0002:000125e0       __sehtable$_fputs          100755e0     LIBCMTD:fputs.obj
 0002:00012600       __sehtable$_printf         10075600     LIBCMTD:printf.obj
 0002:00012620       __sehtable$__close         10075620     LIBCMTD:close.obj
 0002:00012640       __sehtable$__CRT_INIT@12   10075640     LIBCMTD:dllcrt0.obj
 0002:00012660       __sehtable$___DllMainCRTStartup 10075660     LIBCMTD:dllcrt0.obj
 0002:00012680       __sehtable$___updatetlocinfo 10075680     LIBCMTD:localref.obj
 0002:000126a0       __sehtable$___updatetmbcinfo 100756a0     LIBCMTD:mbctype.obj
 0002:000126c0       __sehtable$__setmbcp       100756c0     LIBCMTD:mbctype.obj
 0002:000126dc       __unwindtable$?getSystemCP@@YAHH@Z 100756dc     LIBCMTD:mbctype.obj
 0002:000126e4       __ehfuncinfo$?getSystemCP@@YAHH@Z 100756e4     LIBCMTD:mbctype.obj
 0002:00012708       __sehtable$__freefls@4     10075708     LIBCMTD:tidtable.obj
 0002:00012730       __sehtable$__initptd       10075730     LIBCMTD:tidtable.obj
 0002:00012758       __sehtable$__get_current_locale 10075758     LIBCMTD:wsetloca.obj
 0002:00012780       __sehtable$__free_locale   10075780     LIBCMTD:wsetloca.obj
 0002:000127a8       __sehtable$__wsetlocale    100757a8     LIBCMTD:wsetloca.obj
 0002:000127e0       __sehtable$__locterm       100757e0     LIBCMTD:wsetloca.obj
 0002:000127fc       __unwindtable$?strtoxq@@YA_KPAUlocaleinfo_struct@@PBDPAPBDHH@Z 100757fc     LIBCMTD:strtoq.obj
 0002:00012804       __ehfuncinfo$?strtoxq@@YA_KPAUlocaleinfo_struct@@PBDPAPBDHH@Z 10075804     LIBCMTD:strtoq.obj
 0002:00012828       __unwindtable$?strtoxl@@YAKPAUlocaleinfo_struct@@PBDPAPBDHH@Z 10075828     LIBCMTD:strtol.obj
 0002:00012830       __ehfuncinfo$?strtoxl@@YAKPAUlocaleinfo_struct@@PBDPAPBDHH@Z 10075830     LIBCMTD:strtol.obj
 0002:00012858       __sehtable$__realloc_dbg   10075858     LIBCMTD:dbgheap.obj
 0002:00012878       __sehtable$__expand_dbg    10075878     LIBCMTD:dbgheap.obj
 0002:00012898       __sehtable$__free_dbg      10075898     LIBCMTD:dbgheap.obj
 0002:000128b8       __sehtable$__msize_dbg     100758b8     LIBCMTD:dbgheap.obj
 0002:000128d8       __sehtable$__CrtCheckMemory 100758d8     LIBCMTD:dbgheap.obj
 0002:000128f8       __sehtable$__CrtSetDbgFlag 100758f8     LIBCMTD:dbgheap.obj
 0002:00012918       __sehtable$__CrtDoForAllClientObjects 10075918     LIBCMTD:dbgheap.obj
 0002:00012938       __sehtable$__CrtIsMemoryBlock 10075938     LIBCMTD:dbgheap.obj
 0002:00012958       __sehtable$__CrtMemCheckpoint 10075958     LIBCMTD:dbgheap.obj
 0002:00012978       __sehtable$__CrtSetDbgBlockType 10075978     LIBCMTD:dbgheap.obj
 0002:00012998       __sehtable$__heap_alloc_dbg_impl 10075998     LIBCMTD:dbgheap.obj
 0002:000129b8       __sehtable$?__crtIsBadReadPtr@@YAHPBXI@Z 100759b8     LIBCMTD:dbgheap.obj
 0002:000129d8       __sehtable$?_CrtMemDumpAllObjectsSince_stat@@YAXPBU_CrtMemState@@PAUlocaleinfo_struct@@@Z 100759d8     LIBCMTD:dbgheap.obj
 0002:000129f8       __sehtable$__CrtSetReportHookW2 100759f8     LIBCMTD:dbgrptw.obj
 0002:00012a18       __sehtable$_fflush         10075a18     LIBCMTD:fflush.obj
 0002:00012a38       __sehtable$_flsall         10075a38     LIBCMTD:fflush.obj
 0002:00012a60       __sehtable$__ioinit        10075a60     LIBCMTD:ioinit.obj
 0002:00012a80       __sehtable$__getstream     10075a80     LIBCMTD:stream.obj
 0002:00012aa0       __sehtable$_fwrite         10075aa0     LIBCMTD:fwrite.obj
 0002:00012ac0       __sehtable$_vprintf_helper 10075ac0     LIBCMTD:vprintf.obj
 0002:00012ae0       __sehtable$_doexit         10075ae0     LIBCMTD:crt0dat.obj
 0002:00012b00       __sehtable$__tzset         10075b00     LIBCMTD:tzset.obj
 0002:00012b20       __sehtable$__isindst       10075b20     LIBCMTD:tzset.obj
 0002:00012b40       __sehtable$___tzset        10075b40     LIBCMTD:tzset.obj
 0002:00012b60       __sehtable$__tzset_nolock  10075b60     LIBCMTD:tzset.obj
 0002:00012b80       __sehtable$__alloc_osfhnd  10075b80     LIBCMTD:osfinfo.obj
 0002:00012ba8       __sehtable$___lock_fhandle 10075ba8     LIBCMTD:osfinfo.obj
 0002:00012bc8       __sehtable$__open_osfhandle 10075bc8     LIBCMTD:osfinfo.obj
 0002:00012be8       __sehtable$__sopen_helper  10075be8     LIBCMTD:open.obj
 0002:00012c08       __sehtable$__open          10075c08     LIBCMTD:open.obj
 0002:00012c28       __sehtable$__wsopen_helper 10075c28     LIBCMTD:wopen.obj
 0002:00012c48       __sehtable$__wopen         10075c48     LIBCMTD:wopen.obj
 0002:00012c68       __sehtable$__mtinitlocknum 10075c68     LIBCMTD:mlock.obj
 0002:00012c88       __sehtable$__CrtSetReportHook2 10075c88     LIBCMTD:dbgrpt.obj
 0002:00012ca8       __sehtable$_signal         10075ca8     LIBCMTD:winsig.obj
 0002:00012cc8       __sehtable$_raise          10075cc8     LIBCMTD:winsig.obj
 0002:00012ce8       __sehtable$_ctrlevent_capture@4 10075ce8     LIBCMTD:winsig.obj
 0002:00012d08       __sehtable$__VCrtDbgReportA 10075d08     LIBCMTD:dbgrptt.obj
 0002:00012d30       __sehtable$__VCrtDbgReportW 10075d30     LIBCMTD:dbgrptt.obj
 0002:00012d58       __sehtable$__fcloseall     10075d58     LIBCMTD:closeall.obj
 0002:00012d78       __sehtable$__commit        10075d78     LIBCMTD:commit.obj
 0002:00012d98       __sehtable$__write         10075d98     LIBCMTD:write.obj
 0002:00012db8       __sehtable$__IsNonwritableInCurrentImage 10075db8     LIBCMTD:pesect.obj
 0002:00012dd8       __sehtable$__read          10075dd8     LIBCMTD:read.obj
 0002:00012df8       __sehtable$__onexit        10075df8     LIBCMTD:onexit.obj
 0002:00012e18       __sehtable$?terminate@@YAXXZ 10075e18     LIBCMTD:hooks.obj
 0002:00012e38       __sehtable$?_inconsistency@@YAXXZ 10075e38     LIBCMTD:hooks.obj
 0002:00012e58       __sehtable$_ungetc         10075e58     LIBCMTD:ungetc.obj
 0002:00012e78       __sehtable$__lseeki64      10075e78     LIBCMTD:lseeki64.obj
 0002:00012e98       __sehtable$__dupenv_s_dbg  10075e98     LIBCMTD:getenv.obj
 0002:00012eb8       __sehtable$_getenv         10075eb8     LIBCMTD:getenv.obj
 0002:00012ed8       __sehtable$_getenv_s       10075ed8     LIBCMTD:getenv.obj
 0002:00012ef8       __sehtable$__chsize_s      10075ef8     LIBCMTD:chsize.obj
 0002:00012f18       __sehtable$__setmode       10075f18     LIBCMTD:setmode.obj
 0002:00012f34       __unwindtable$?x_ismbbtype_l@@YAHPAUlocaleinfo_struct@@IHH@Z 10075f34     LIBCMTD:ismbbyte.obj
 0002:00012f3c       __ehfuncinfo$?x_ismbbtype_l@@YAHPAUlocaleinfo_struct@@IHH@Z 10075f3c     LIBCMTD:ismbbyte.obj
 0002:00012f60       __sehtable$___FrameUnwindToState 10075f60     LIBCMTD:frame.obj
 0002:00012f88       __sehtable$?CallCatchBlock@@YAPAXPAUEHExceptionRecord@@PAUEHRegistrationNode@@PAU_CONTEXT@@PBU_s_FuncInfo@@PAXHK@Z 10075f88     LIBCMTD:frame.obj
 0002:00012fb0       __sehtable$___BuildCatchObject 10075fb0     LIBCMTD:frame.obj
 0002:00012fd0       __sehtable$___DestructExceptionObject 10075fd0     LIBCMTD:frame.obj
 0002:00012fec       __catchsym$?CallUnexpected@@YAXPBU_s_ESTypeList@@@Z$2 10075fec     LIBCMTD:frame.obj
 0002:00012ffc       __unwindtable$?CallUnexpected@@YAXPBU_s_ESTypeList@@@Z 10075ffc     LIBCMTD:frame.obj
 0002:0001300c       __tryblocktable$?CallUnexpected@@YAXPBU_s_ESTypeList@@@Z 1007600c     LIBCMTD:frame.obj
 0002:00013020       __ehfuncinfo$?CallUnexpected@@YAXPBU_s_ESTypeList@@@Z 10076020     LIBCMTD:frame.obj
 0002:00013048       __sehtable$___BuildCatchObjectHelper 10076048     LIBCMTD:frame.obj
 0002:000130b8       __sehtable$__putwch        100760b8     LIBCMTD:putwch.obj
 0002:000130d8       __sehtable$??3@YAXPAX@Z    100760d8     LIBCMTD:dbgdel.obj
 0002:000130f4       __unwindtable$?wcstoxq@@YA_KPAUlocaleinfo_struct@@PB_WPAPB_WHH@Z 100760f4     LIBCMTD:wcstoq.obj
 0002:000130fc       __ehfuncinfo$?wcstoxq@@YA_KPAUlocaleinfo_struct@@PB_WPAPB_WHH@Z 100760fc     LIBCMTD:wcstoq.obj
 0002:00013120       __sehtable$_fputwc         10076120     LIBCMTD:fputwc.obj
 0002:00013140       __sehtable$___set_fpsr_sse2 10076140     LIBCMTD:fpctrl.obj
 0002:00013160       __sehtable$?_Name_base@type_info@@CAPBDPBV1@PAU__type_info_node@@@Z 10076160     LIBCMTD:typname.obj
 0002:00013180       __sehtable$?_Type_info_dtor@type_info@@CAXPAV1@@Z 10076180     LIBCMTD:typname.obj
 0002:000131a0       __sehtable$?_Name_base_internal@type_info@@CAPBDPBV1@PAU__type_info_node@@@Z 100761a0     LIBCMTD:typname.obj
 0002:000131c0       __sehtable$?_Type_info_dtor_internal@type_info@@CAXPAV1@@Z 100761c0     LIBCMTD:typname.obj
 0002:000131e0       __sehtable$___clean_type_info_names_internal 100761e0     LIBCMTD:typname.obj
 0002:00013200       __sehtable$___unDName      10076200     LIBCMTD:undname.obj
 0002:00013220       __sehtable$___unDNameEx    10076220     LIBCMTD:undname.obj
 0002:0001323c       __unwindtable$?make@DNameStatusNode@@SAPAV1@W4DNameStatus@@@Z 1007623c     LIBCMTD:undname.obj
 0002:00013244       __ehfuncinfo$?make@DNameStatusNode@@SAPAV1@W4DNameStatus@@@Z 10076244     LIBCMTD:undname.obj
 0002:000134d8       .idata$6                   100764d8     wsock32:WSOCK32.dll
 0002:000134e4       .idata$6                   100764e4     dlpc3dll:dlpc3dll.dll
 0002:000134f2       .idata$6                   100764f2     stm95dll:STM95DLL.dll
 0002:00013562       .idata$6                   10076562     kernel32:KERNEL32.dll
 0002:000135ac       .idata$6                   100765ac     user32:USER32.dll
 0002:00013ca0       .edata                     10076ca0     DLPCC.exp
 0002:00013cc8       rgpv                       10076cc8     DLPCC.exp
 0002:00013cec       rgszName                   10076cec     DLPCC.exp
 0002:00013d10       rgwOrd                     10076d10     DLPCC.exp
 0002:00013d22       szName                     10076d22     DLPCC.exp
 0002:00013d2c       $N00001                    10076d2c     DLPCC.exp
 0002:00013d5f       $N00002                    10076d5f     DLPCC.exp
 0002:00013d81       $N00003                    10076d81     DLPCC.exp
 0002:00013db4       $N00004                    10076db4     DLPCC.exp
 0002:00013dd9       $N00005                    10076dd9     DLPCC.exp
 0002:00013de7       $N00006                    10076de7     DLPCC.exp
 0002:00013df2       $N00007                    10076df2     DLPCC.exp
 0002:00013df9       $N00008                    10076df9     DLPCC.exp
 0002:00013e12       $N00009                    10076e12     DLPCC.exp
 0003:00000018       ___rgctypeflag             10077018     LIBCMTD:mbctype.obj
 0003:00000020       ___rgcode_page_info        10077020     LIBCMTD:mbctype.obj
 0003:00000770       __ctype_loc_style          10077770     LIBCMTD:wsetloca.obj
 0003:00000778       __lRequestCurr             10077778     LIBCMTD:dbgheap.obj
 0003:0000077c       __bNoMansLandFill          1007777c     LIBCMTD:dbgheap.obj
 0003:0000077d       __bAlignLandFill           1007777d     LIBCMTD:dbgheap.obj
 0003:0000077e       __bDeadLandFill            1007777e     LIBCMTD:dbgheap.obj
 0003:0000077f       __bCleanLandFill           1007777f     LIBCMTD:dbgheap.obj
 0003:00000790       _errtable                  10077790     LIBCMTD:dosmap.obj
 0003:000008f8       _ErrnoNoMem                100778f8     LIBCMTD:dosmap.obj
 0003:000008fc       _DoserrorNoMem             100778fc     LIBCMTD:dosmap.obj
 0003:00000900       _dotdotdot                 10077900     LIBCMTD:dbgrptw.obj
 0003:00000bd8       ?isPackaged@?1??__crtIsPackagedApp@@9@9 10077bd8     LIBCMTD:winapisupp.obj
 0003:00000bf0       _tzstd                     10077bf0     LIBCMTD:timeset.obj
 0003:00000c30       _tzdst                     10077c30     LIBCMTD:timeset.obj
 0003:00000c78       _dststart                  10077c78     LIBCMTD:tzset.obj
 0003:00000c84       _dstend                    10077c84     LIBCMTD:tzset.obj
 0003:00000c90       _ext_strings               10077c90     LIBCMTD:spawnve.obj
 0003:00000cc8       __locktable                10077cc8     LIBCMTD:mlock.obj
 0003:00000e50       _dotdotdot                 10077e50     LIBCMTD:dbgrpt.obj
 0003:00001310       _DoubleFormat              10078310     LIBCMTD:intrncvt.obj
 0003:00001328       _FloatFormat               10078328     LIBCMTD:intrncvt.obj
 0003:000013c0       _over                      100783c0     LIBCMTD:fpctrl.obj
 0003:000013cc       _under                     100783cc     LIBCMTD:fpctrl.obj
 0003:000013d8       ?__DAZ_ENABLED@?1??__set_fpsr_sse2@@9@9 100783d8     LIBCMTD:fpctrl.obj
 0003:00001594       _m_hSocket                 10078594     apiDLPCC.obj
 0003:00001598       ?sztmp@?1??Dlp_Cc@@9@4PADA 10078598     apiDLPCC.obj
 0003:0000159c       ?sztmp@?1??CheckContext@@YAXPAUCcPosMsgSend@@PAUtpvMessIn@@P6AXPADHF@Z@Z@4PADA 1007859c     apiDLPCC.obj
 0003:000015a4       ?szGen@?1??CheckContext@@YAXPAUCcPosMsgSend@@PAUtpvMessIn@@P6AXPADHF@Z@Z@4PADA 100785a4     apiDLPCC.obj
 0003:000015c4       ?szBnc@?1??CheckContext@@YAXPAUCcPosMsgSend@@PAUtpvMessIn@@P6AXPADHF@Z@Z@4PADA 100785c4     apiDLPCC.obj
 0003:000015e4       ?szAmex@?1??CheckContext@@YAXPAUCcPosMsgSend@@PAUtpvMessIn@@P6AXPADHF@Z@Z@4PADA 100785e4     apiDLPCC.obj
 0003:00001604       ?szC3Cfg@?1??CheckContext@@YAXPAUCcPosMsgSend@@PAUtpvMessIn@@P6AXPADHF@Z@Z@4PADA 10078604     apiDLPCC.obj
 0003:00001624       ?szLastInit@?1??CheckContext@@YAXPAUCcPosMsgSend@@PAUtpvMessIn@@P6AXPADHF@Z@Z@4PADA 10078624     apiDLPCC.obj
 0003:00001644       ?szC3cfg@?1??GetTermFromON2@@YAHPAUCcPosInitSend@@UMsgToStratus@@@Z@4PADA 10078644     apiDLPCC.obj
 0003:00001654       ?szC3cfg@?1??TraiteResa@@YA_NPAUCcPosMsgSend@@PAUCcPosMsgRecv@@@Z@4PADA 10078654     apiOn2.obj
 0003:00001664       ___enable_percent_n        10078664     LIBCMTD:printf.obj
 0003:00001674       ___proc_attached           10078674     LIBCMTD:dllcrt0.obj
 0003:00001690       _fSystemSet                10078690     LIBCMTD:mbctype.obj
 0003:000016a4       _check_frequency           100786a4     LIBCMTD:dbgheap.obj
 0003:000016ac       _check_counter             100786ac     LIBCMTD:dbgheap.obj
 0003:000016b0       __lTotalAlloc              100786b0     LIBCMTD:dbgheap.obj
 0003:000016b4       __lCurAlloc                100786b4     LIBCMTD:dbgheap.obj
 0003:000016b8       __lMaxAlloc                100786b8     LIBCMTD:dbgheap.obj
 0003:000016bc       __pFirstBlock              100786bc     LIBCMTD:dbgheap.obj
 0003:000016c0       __pLastBlock               100786c0     LIBCMTD:dbgheap.obj
 0003:000017f0       ?fExit@?1??doexit@@9@9     100787f0     LIBCMTD:crt0dat.obj
 0003:00001810       _lastTZ                    10078810     LIBCMTD:tzset.obj
 0003:00001814       ?first_time@?1??__tzset@@9@9 10078814     LIBCMTD:tzset.obj
 0003:00001818       _tzapiused                 10078818     LIBCMTD:tzset.obj
 0003:00001820       _tzinfo                    10078820     LIBCMTD:tzset.obj
 0003:000018d0       ?_pgmname@?1??_setargv@@9@9 100788d0     LIBCMTD:stdargv.obj
 0003:000019d8       _lclcritsects              100789d8     LIBCMTD:mlock.obj
 0003:00001b48       _GS_ExceptionRecord        10078b48     LIBCMTD:gs_report.obj
 0003:00001b98       _GS_ContextRecord          10078b98     LIBCMTD:gs_report.obj
 0003:00001e64       _DebuggerWasPresent        10078e64     LIBCMTD:gs_report.obj
 0003:00001e68       ___crtCallProc             10078e68     LIBCMTD:winapinls.obj
 0003:00001e70       _ctrlc_action              10078e70     LIBCMTD:winsig.obj
 0003:00001e74       _ctrlbreak_action          10078e74     LIBCMTD:winsig.obj
 0003:00001e78       _abort_action              10078e78     LIBCMTD:winsig.obj
 0003:00001e7c       _term_action               10078e7c     LIBCMTD:winsig.obj
 0003:00001e80       _ConsoleCtrlHandler_Installed 10078e80     LIBCMTD:winsig.obj
 0003:00001e84       ?pfnMessageBox@?1??__crtMessageBoxW@@9@9 10078e84     LIBCMTD:crtmboxw.obj
 0003:00001e88       ?pfnGetActiveWindow@?1??__crtMessageBoxW@@9@9 10078e88     LIBCMTD:crtmboxw.obj
 0003:00001e8c       ?pfnGetLastActivePopup@?1??__crtMessageBoxW@@9@9 10078e8c     LIBCMTD:crtmboxw.obj
 0003:00001e90       ?pfnGetProcessWindowStation@?1??__crtMessageBoxW@@9@9 10078e90     LIBCMTD:crtmboxw.obj
 0003:00001e94       ?pfnGetUserObjectInformation@?1??__crtMessageBoxW@@9@9 10078e94     LIBCMTD:crtmboxw.obj
 0003:00001ea8       ?outmsg@?L@??_NMSG_WRITE@@9@9 10078ea8     LIBCMTD:crt0msg.obj
 0003:000024d8       _g_pfnRtlGenRandom         100794d8     LIBCMTD:rand_s.obj
 0003:000024e8       ___type_info_root_node     100794e8     LIBCMTD:typname.obj
 0003:00002518       _heap                      10079518     LIBCMTD:undname.obj
 0003:00002530       ?buf@?1??dbGetString@DName@@QBEPADXZ@4PADA 10079530     LIBCMTD:undname.obj
 0004:00000060       $R000000                   1007b060     * linker generated manifest res *
